Archive member included to satisfy reference by file (symbol)

c:/program files (x86)/gnu tools arm embedded/5.3 2016q1/bin/../lib/gcc/arm-none-eabi/5.3.1/../../../../arm-none-eabi/lib/armv7e-m/fpu\libm.a(lib_a-w_atan2.o)
                              ..\obj\main.o (atan2)
c:/program files (x86)/gnu tools arm embedded/5.3 2016q1/bin/../lib/gcc/arm-none-eabi/5.3.1/../../../../arm-none-eabi/lib/armv7e-m/fpu\libm.a(lib_a-wf_sqrt.o)
                              ..\obj\NewtonGauss.o (sqrtf)
c:/program files (x86)/gnu tools arm embedded/5.3 2016q1/bin/../lib/gcc/arm-none-eabi/5.3.1/../../../../arm-none-eabi/lib/armv7e-m/fpu\libm.a(lib_a-e_atan2.o)
                              c:/program files (x86)/gnu tools arm embedded/5.3 2016q1/bin/../lib/gcc/arm-none-eabi/5.3.1/../../../../arm-none-eabi/lib/armv7e-m/fpu\libm.a(lib_a-w_atan2.o) (__ieee754_atan2)
c:/program files (x86)/gnu tools arm embedded/5.3 2016q1/bin/../lib/gcc/arm-none-eabi/5.3.1/../../../../arm-none-eabi/lib/armv7e-m/fpu\libm.a(lib_a-ef_sqrt.o)
                              c:/program files (x86)/gnu tools arm embedded/5.3 2016q1/bin/../lib/gcc/arm-none-eabi/5.3.1/../../../../arm-none-eabi/lib/armv7e-m/fpu\libm.a(lib_a-wf_sqrt.o) (__ieee754_sqrtf)
c:/program files (x86)/gnu tools arm embedded/5.3 2016q1/bin/../lib/gcc/arm-none-eabi/5.3.1/../../../../arm-none-eabi/lib/armv7e-m/fpu\libm.a(lib_a-s_atan.o)
                              c:/program files (x86)/gnu tools arm embedded/5.3 2016q1/bin/../lib/gcc/arm-none-eabi/5.3.1/../../../../arm-none-eabi/lib/armv7e-m/fpu\libm.a(lib_a-e_atan2.o) (atan)
c:/program files (x86)/gnu tools arm embedded/5.3 2016q1/bin/../lib/gcc/arm-none-eabi/5.3.1/../../../../arm-none-eabi/lib/armv7e-m/fpu\libm.a(lib_a-s_fabs.o)
                              c:/program files (x86)/gnu tools arm embedded/5.3 2016q1/bin/../lib/gcc/arm-none-eabi/5.3.1/../../../../arm-none-eabi/lib/armv7e-m/fpu\libm.a(lib_a-e_atan2.o) (fabs)
c:/program files (x86)/gnu tools arm embedded/5.3 2016q1/bin/../lib/gcc/arm-none-eabi/5.3.1/../../../../arm-none-eabi/lib/armv7e-m/fpu\libm.a(lib_a-s_lib_ver.o)
                              c:/program files (x86)/gnu tools arm embedded/5.3 2016q1/bin/../lib/gcc/arm-none-eabi/5.3.1/../../../../arm-none-eabi/lib/armv7e-m/fpu\libm.a(lib_a-wf_sqrt.o) (__fdlib_version)
c:/program files (x86)/gnu tools arm embedded/5.3 2016q1/bin/../lib/gcc/arm-none-eabi/5.3.1/../../../../arm-none-eabi/lib/armv7e-m/fpu\libm.a(lib_a-s_matherr.o)
                              c:/program files (x86)/gnu tools arm embedded/5.3 2016q1/bin/../lib/gcc/arm-none-eabi/5.3.1/../../../../arm-none-eabi/lib/armv7e-m/fpu\libm.a(lib_a-wf_sqrt.o) (matherr)
c:/program files (x86)/gnu tools arm embedded/5.3 2016q1/bin/../lib/gcc/arm-none-eabi/5.3.1/armv7e-m/fpu\libgcc.a(_arm_addsubdf3.o)
                              ..\obj\mpu9250.o (__aeabi_dsub)
c:/program files (x86)/gnu tools arm embedded/5.3 2016q1/bin/../lib/gcc/arm-none-eabi/5.3.1/armv7e-m/fpu\libgcc.a(_arm_muldivdf3.o)
                              ..\obj\mpu9250.o (__aeabi_dmul)
c:/program files (x86)/gnu tools arm embedded/5.3 2016q1/bin/../lib/gcc/arm-none-eabi/5.3.1/armv7e-m/fpu\libgcc.a(_arm_cmpdf2.o)
                              ..\obj\NewtonGauss.o (__aeabi_dcmple)
c:/program files (x86)/gnu tools arm embedded/5.3 2016q1/bin/../lib/gcc/arm-none-eabi/5.3.1/armv7e-m/fpu\libgcc.a(_arm_truncdfsf2.o)
                              ..\obj\mpu9250.o (__aeabi_d2f)
c:/program files (x86)/gnu tools arm embedded/5.3 2016q1/bin/../lib/gcc/arm-none-eabi/5.3.1/../../../../arm-none-eabi/lib/armv7e-m/fpu\libg.a(lib_a-errno.o)
                              c:/program files (x86)/gnu tools arm embedded/5.3 2016q1/bin/../lib/gcc/arm-none-eabi/5.3.1/../../../../arm-none-eabi/lib/armv7e-m/fpu\libm.a(lib_a-wf_sqrt.o) (__errno)
c:/program files (x86)/gnu tools arm embedded/5.3 2016q1/bin/../lib/gcc/arm-none-eabi/5.3.1/../../../../arm-none-eabi/lib/armv7e-m/fpu\libg.a(lib_a-impure.o)
                              c:/program files (x86)/gnu tools arm embedded/5.3 2016q1/bin/../lib/gcc/arm-none-eabi/5.3.1/../../../../arm-none-eabi/lib/armv7e-m/fpu\libg.a(lib_a-errno.o) (_impure_ptr)
c:/program files (x86)/gnu tools arm embedded/5.3 2016q1/bin/../lib/gcc/arm-none-eabi/5.3.1/../../../../arm-none-eabi/lib/armv7e-m/fpu\libg.a(lib_a-memset.o)
                              ..\obj\main.o (memset)

Allocating common symbols
Common symbol       size              file

TimingDelay         0x4               ..\obj\mpu9250.o
msTicks             0x4               ..\obj\mpu9250.o

Discarded input sections

 .text          0x00000000        0x0 ..\obj\arm_mat_inverse_f32.o
 .data          0x00000000        0x0 ..\obj\arm_mat_inverse_f32.o
 .bss           0x00000000        0x0 ..\obj\arm_mat_inverse_f32.o
 .text          0x00000000        0x0 ..\obj\arm_mat_add_f32.o
 .data          0x00000000        0x0 ..\obj\arm_mat_add_f32.o
 .bss           0x00000000        0x0 ..\obj\arm_mat_add_f32.o
 .text          0x00000000        0x0 ..\obj\i2c.o
 .data          0x00000000        0x0 ..\obj\i2c.o
 .bss           0x00000000        0x0 ..\obj\i2c.o
 .text.I2C_read_ack
                0x00000000       0x58 ..\obj\i2c.o
 .text.I2C_writeMult_nack
                0x00000000       0xac ..\obj\i2c.o
 .text          0x00000000        0x0 ..\obj\NewtonGauss.o
 .data          0x00000000        0x0 ..\obj\NewtonGauss.o
 .bss           0x00000000        0x0 ..\obj\NewtonGauss.o
 .text          0x00000000        0x0 ..\obj\mpu9250.o
 .data          0x00000000        0x0 ..\obj\mpu9250.o
 .bss           0x00000000        0x0 ..\obj\mpu9250.o
 .text.verify   0x00000000       0x54 ..\obj\mpu9250.o
 .text          0x00000000        0x0 ..\obj\stm32f4xx_usart.o
 .data          0x00000000        0x0 ..\obj\stm32f4xx_usart.o
 .bss           0x00000000        0x0 ..\obj\stm32f4xx_usart.o
 .text.USART_DeInit
                0x00000000       0xd4 ..\obj\stm32f4xx_usart.o
 .text.USART_StructInit
                0x00000000       0x3c ..\obj\stm32f4xx_usart.o
 .text.USART_ClockInit
                0x00000000       0x58 ..\obj\stm32f4xx_usart.o
 .text.USART_ClockStructInit
                0x00000000       0x2c ..\obj\stm32f4xx_usart.o
 .text.USART_SetPrescaler
                0x00000000       0x3c ..\obj\stm32f4xx_usart.o
 .text.USART_OverSampling8Cmd
                0x00000000       0x44 ..\obj\stm32f4xx_usart.o
 .text.USART_OneBitMethodCmd
                0x00000000       0x40 ..\obj\stm32f4xx_usart.o
 .text.USART_ReceiveData
                0x00000000       0x1c ..\obj\stm32f4xx_usart.o
 .text.USART_SetAddress
                0x00000000       0x3c ..\obj\stm32f4xx_usart.o
 .text.USART_ReceiverWakeUpCmd
                0x00000000       0x40 ..\obj\stm32f4xx_usart.o
 .text.USART_WakeUpConfig
                0x00000000       0x38 ..\obj\stm32f4xx_usart.o
 .text.USART_LINBreakDetectLengthConfig
                0x00000000       0x38 ..\obj\stm32f4xx_usart.o
 .text.USART_LINCmd
                0x00000000       0x40 ..\obj\stm32f4xx_usart.o
 .text.USART_SendBreak
                0x00000000       0x24 ..\obj\stm32f4xx_usart.o
 .text.USART_HalfDuplexCmd
                0x00000000       0x40 ..\obj\stm32f4xx_usart.o
 .text.USART_SetGuardTime
                0x00000000       0x3c ..\obj\stm32f4xx_usart.o
 .text.USART_SmartCardCmd
                0x00000000       0x40 ..\obj\stm32f4xx_usart.o
 .text.USART_SmartCardNACKCmd
                0x00000000       0x40 ..\obj\stm32f4xx_usart.o
 .text.USART_IrDAConfig
                0x00000000       0x38 ..\obj\stm32f4xx_usart.o
 .text.USART_IrDACmd
                0x00000000       0x40 ..\obj\stm32f4xx_usart.o
 .text.USART_DMACmd
                0x00000000       0x48 ..\obj\stm32f4xx_usart.o
 .text.USART_ITConfig
                0x00000000       0x90 ..\obj\stm32f4xx_usart.o
 .text.USART_ClearFlag
                0x00000000       0x24 ..\obj\stm32f4xx_usart.o
 .text.USART_GetITStatus
                0x00000000       0xb8 ..\obj\stm32f4xx_usart.o
 .text.USART_ClearITPendingBit
                0x00000000       0x3c ..\obj\stm32f4xx_usart.o
 .text          0x00000000        0x0 ..\obj\arm_mat_mult_q31.o
 .data          0x00000000        0x0 ..\obj\arm_mat_mult_q31.o
 .bss           0x00000000        0x0 ..\obj\arm_mat_mult_q31.o
 .text.arm_mat_mult_q31
                0x00000000      0x244 ..\obj\arm_mat_mult_q31.o
 .debug_info    0x00000000      0x295 ..\obj\arm_mat_mult_q31.o
 .debug_abbrev  0x00000000       0xd8 ..\obj\arm_mat_mult_q31.o
 .debug_aranges
                0x00000000       0x20 ..\obj\arm_mat_mult_q31.o
 .debug_ranges  0x00000000       0x10 ..\obj\arm_mat_mult_q31.o
 .debug_line    0x00000000      0x235 ..\obj\arm_mat_mult_q31.o
 .debug_str     0x00000000      0x334 ..\obj\arm_mat_mult_q31.o
 .comment       0x00000000       0x6f ..\obj\arm_mat_mult_q31.o
 .debug_frame   0x00000000       0x3c ..\obj\arm_mat_mult_q31.o
 .ARM.attributes
                0x00000000       0x39 ..\obj\arm_mat_mult_q31.o
 .text          0x00000000        0x0 ..\obj\arm_mat_add_q31.o
 .data          0x00000000        0x0 ..\obj\arm_mat_add_q31.o
 .bss           0x00000000        0x0 ..\obj\arm_mat_add_q31.o
 .text.arm_mat_add_q31
                0x00000000      0x140 ..\obj\arm_mat_add_q31.o
 .debug_info    0x00000000      0x353 ..\obj\arm_mat_add_q31.o
 .debug_abbrev  0x00000000      0x131 ..\obj\arm_mat_add_q31.o
 .debug_aranges
                0x00000000       0x20 ..\obj\arm_mat_add_q31.o
 .debug_ranges  0x00000000       0x10 ..\obj\arm_mat_add_q31.o
 .debug_line    0x00000000      0x2ba ..\obj\arm_mat_add_q31.o
 .debug_str     0x00000000      0x327 ..\obj\arm_mat_add_q31.o
 .comment       0x00000000       0x6f ..\obj\arm_mat_add_q31.o
 .debug_frame   0x00000000       0x38 ..\obj\arm_mat_add_q31.o
 .ARM.attributes
                0x00000000       0x39 ..\obj\arm_mat_add_q31.o
 .text          0x00000000        0x0 ..\obj\startup_stm32f4xx.o
 .data          0x00000000        0x0 ..\obj\startup_stm32f4xx.o
 .bss           0x00000000        0x0 ..\obj\startup_stm32f4xx.o
 .text          0x00000000        0x0 ..\obj\arm_mat_init_q15.o
 .data          0x00000000        0x0 ..\obj\arm_mat_init_q15.o
 .bss           0x00000000        0x0 ..\obj\arm_mat_init_q15.o
 .text.arm_mat_init_q15
                0x00000000       0x30 ..\obj\arm_mat_init_q15.o
 .debug_info    0x00000000      0x158 ..\obj\arm_mat_init_q15.o
 .debug_abbrev  0x00000000       0x9f ..\obj\arm_mat_init_q15.o
 .debug_aranges
                0x00000000       0x20 ..\obj\arm_mat_init_q15.o
 .debug_ranges  0x00000000       0x10 ..\obj\arm_mat_init_q15.o
 .debug_line    0x00000000      0x1fa ..\obj\arm_mat_init_q15.o
 .debug_str     0x00000000      0x244 ..\obj\arm_mat_init_q15.o
 .comment       0x00000000       0x6f ..\obj\arm_mat_init_q15.o
 .debug_frame   0x00000000       0x38 ..\obj\arm_mat_init_q15.o
 .ARM.attributes
                0x00000000       0x39 ..\obj\arm_mat_init_q15.o
 .text          0x00000000        0x0 ..\obj\arm_mat_init_f32.o
 .data          0x00000000        0x0 ..\obj\arm_mat_init_f32.o
 .bss           0x00000000        0x0 ..\obj\arm_mat_init_f32.o
 .text          0x00000000        0x0 ..\obj\main.o
 .data          0x00000000        0x0 ..\obj\main.o
 .bss           0x00000000        0x0 ..\obj\main.o
 .text.qRotate3D
                0x00000000      0x33c ..\obj\main.o
 .text.qRotate4D
                0x00000000      0x184 ..\obj\main.o
 .text          0x00000000        0x0 ..\obj\stm32f4xx_rcc.o
 .bss           0x00000000        0x0 ..\obj\stm32f4xx_rcc.o
 .text.RCC_DeInit
                0x00000000       0x50 ..\obj\stm32f4xx_rcc.o
 .text.RCC_HSEConfig
                0x00000000       0x28 ..\obj\stm32f4xx_rcc.o
 .text.RCC_WaitForHSEStartUp
                0x00000000       0x50 ..\obj\stm32f4xx_rcc.o
 .text.RCC_AdjustHSICalibrationValue
                0x00000000       0x3c ..\obj\stm32f4xx_rcc.o
 .text.RCC_HSICmd
                0x00000000       0x20 ..\obj\stm32f4xx_rcc.o
 .text.RCC_LSEConfig
                0x00000000       0x44 ..\obj\stm32f4xx_rcc.o
 .text.RCC_LSICmd
                0x00000000       0x20 ..\obj\stm32f4xx_rcc.o
 .text.RCC_PLLConfig
                0x00000000       0x40 ..\obj\stm32f4xx_rcc.o
 .text.RCC_PLLCmd
                0x00000000       0x20 ..\obj\stm32f4xx_rcc.o
 .text.RCC_PLLI2SConfig
                0x00000000       0x2c ..\obj\stm32f4xx_rcc.o
 .text.RCC_PLLI2SCmd
                0x00000000       0x20 ..\obj\stm32f4xx_rcc.o
 .text.RCC_ClockSecuritySystemCmd
                0x00000000       0x20 ..\obj\stm32f4xx_rcc.o
 .text.RCC_MCO1Config
                0x00000000       0x40 ..\obj\stm32f4xx_rcc.o
 .text.RCC_MCO2Config
                0x00000000       0x40 ..\obj\stm32f4xx_rcc.o
 .text.RCC_SYSCLKConfig
                0x00000000       0x38 ..\obj\stm32f4xx_rcc.o
 .text.RCC_GetSYSCLKSource
                0x00000000       0x20 ..\obj\stm32f4xx_rcc.o
 .text.RCC_HCLKConfig
                0x00000000       0x38 ..\obj\stm32f4xx_rcc.o
 .text.RCC_PCLK1Config
                0x00000000       0x38 ..\obj\stm32f4xx_rcc.o
 .text.RCC_PCLK2Config
                0x00000000       0x3c ..\obj\stm32f4xx_rcc.o
 .text.RCC_RTCCLKConfig
                0x00000000       0x5c ..\obj\stm32f4xx_rcc.o
 .text.RCC_RTCCLKCmd
                0x00000000       0x20 ..\obj\stm32f4xx_rcc.o
 .text.RCC_BackupResetCmd
                0x00000000       0x20 ..\obj\stm32f4xx_rcc.o
 .text.RCC_I2SCLKConfig
                0x00000000       0x20 ..\obj\stm32f4xx_rcc.o
 .text.RCC_AHB2PeriphClockCmd
                0x00000000       0x40 ..\obj\stm32f4xx_rcc.o
 .text.RCC_AHB3PeriphClockCmd
                0x00000000       0x40 ..\obj\stm32f4xx_rcc.o
 .text.RCC_AHB1PeriphResetCmd
                0x00000000       0x40 ..\obj\stm32f4xx_rcc.o
 .text.RCC_AHB2PeriphResetCmd
                0x00000000       0x40 ..\obj\stm32f4xx_rcc.o
 .text.RCC_AHB3PeriphResetCmd
                0x00000000       0x40 ..\obj\stm32f4xx_rcc.o
 .text.RCC_APB1PeriphResetCmd
                0x00000000       0x40 ..\obj\stm32f4xx_rcc.o
 .text.RCC_APB2PeriphResetCmd
                0x00000000       0x40 ..\obj\stm32f4xx_rcc.o
 .text.RCC_AHB1PeriphClockLPModeCmd
                0x00000000       0x40 ..\obj\stm32f4xx_rcc.o
 .text.RCC_AHB2PeriphClockLPModeCmd
                0x00000000       0x40 ..\obj\stm32f4xx_rcc.o
 .text.RCC_AHB3PeriphClockLPModeCmd
                0x00000000       0x40 ..\obj\stm32f4xx_rcc.o
 .text.RCC_APB1PeriphClockLPModeCmd
                0x00000000       0x40 ..\obj\stm32f4xx_rcc.o
 .text.RCC_APB2PeriphClockLPModeCmd
                0x00000000       0x40 ..\obj\stm32f4xx_rcc.o
 .text.RCC_ITConfig
                0x00000000       0x4c ..\obj\stm32f4xx_rcc.o
 .text.RCC_GetFlagStatus
                0x00000000       0x74 ..\obj\stm32f4xx_rcc.o
 .text.RCC_ClearFlag
                0x00000000       0x20 ..\obj\stm32f4xx_rcc.o
 .text.RCC_GetITStatus
                0x00000000       0x38 ..\obj\stm32f4xx_rcc.o
 .text.RCC_ClearITPendingBit
                0x00000000       0x20 ..\obj\stm32f4xx_rcc.o
 .text          0x00000000        0x0 ..\obj\arm_mat_init_q31.o
 .data          0x00000000        0x0 ..\obj\arm_mat_init_q31.o
 .bss           0x00000000        0x0 ..\obj\arm_mat_init_q31.o
 .text.arm_mat_init_q31
                0x00000000       0x30 ..\obj\arm_mat_init_q31.o
 .debug_info    0x00000000      0x158 ..\obj\arm_mat_init_q31.o
 .debug_abbrev  0x00000000       0x9f ..\obj\arm_mat_init_q31.o
 .debug_aranges
                0x00000000       0x20 ..\obj\arm_mat_init_q31.o
 .debug_ranges  0x00000000       0x10 ..\obj\arm_mat_init_q31.o
 .debug_line    0x00000000      0x1fb ..\obj\arm_mat_init_q31.o
 .debug_str     0x00000000      0x244 ..\obj\arm_mat_init_q31.o
 .comment       0x00000000       0x6f ..\obj\arm_mat_init_q31.o
 .debug_frame   0x00000000       0x38 ..\obj\arm_mat_init_q31.o
 .ARM.attributes
                0x00000000       0x39 ..\obj\arm_mat_init_q31.o
 .text          0x00000000        0x0 ..\obj\stm32f4xx_gpio.o
 .data          0x00000000        0x0 ..\obj\stm32f4xx_gpio.o
 .bss           0x00000000        0x0 ..\obj\stm32f4xx_gpio.o
 .text.GPIO_DeInit
                0x00000000      0x120 ..\obj\stm32f4xx_gpio.o
 .text.GPIO_StructInit
                0x00000000       0x34 ..\obj\stm32f4xx_gpio.o
 .text.GPIO_PinLockConfig
                0x00000000       0x44 ..\obj\stm32f4xx_gpio.o
 .text.GPIO_ReadInputDataBit
                0x00000000       0x34 ..\obj\stm32f4xx_gpio.o
 .text.GPIO_ReadInputData
                0x00000000       0x1c ..\obj\stm32f4xx_gpio.o
 .text.GPIO_ReadOutputDataBit
                0x00000000       0x34 ..\obj\stm32f4xx_gpio.o
 .text.GPIO_ReadOutputData
                0x00000000       0x1c ..\obj\stm32f4xx_gpio.o
 .text.GPIO_SetBits
                0x00000000       0x20 ..\obj\stm32f4xx_gpio.o
 .text.GPIO_ResetBits
                0x00000000       0x20 ..\obj\stm32f4xx_gpio.o
 .text.GPIO_WriteBit
                0x00000000       0x30 ..\obj\stm32f4xx_gpio.o
 .text.GPIO_Write
                0x00000000       0x20 ..\obj\stm32f4xx_gpio.o
 .text.GPIO_ToggleBits
                0x00000000       0x24 ..\obj\stm32f4xx_gpio.o
 .text          0x00000000        0x0 ..\obj\system_stm32f4xx.o
 .bss           0x00000000        0x0 ..\obj\system_stm32f4xx.o
 .text.SystemInit
                0x00000000       0x6c ..\obj\system_stm32f4xx.o
 .text.SystemCoreClockUpdate
                0x00000000       0xfc ..\obj\system_stm32f4xx.o
 .text.SetSysClock
                0x00000000       0xf8 ..\obj\system_stm32f4xx.o
 .text          0x00000000        0x0 ..\obj\syscalls.o
 .data          0x00000000        0x0 ..\obj\syscalls.o
 .bss           0x00000000        0x4 ..\obj\syscalls.o
 .text._sbrk    0x00000000       0x40 ..\obj\syscalls.o
 .text.link     0x00000000       0x1c ..\obj\syscalls.o
 .text._close   0x00000000       0x18 ..\obj\syscalls.o
 .text._fstat   0x00000000       0x20 ..\obj\syscalls.o
 .text._isatty  0x00000000       0x18 ..\obj\syscalls.o
 .text._lseek   0x00000000       0x1c ..\obj\syscalls.o
 .text._read    0x00000000       0x1c ..\obj\syscalls.o
 .text._write   0x00000000       0x1c ..\obj\syscalls.o
 .text.abort    0x00000000        0x8 ..\obj\syscalls.o
 .debug_info    0x00000000      0x3f5 ..\obj\syscalls.o
 .debug_abbrev  0x00000000       0xe5 ..\obj\syscalls.o
 .debug_aranges
                0x00000000       0x60 ..\obj\syscalls.o
 .debug_ranges  0x00000000       0x50 ..\obj\syscalls.o
 .debug_line    0x00000000      0x1aa ..\obj\syscalls.o
 .debug_str     0x00000000      0x349 ..\obj\syscalls.o
 .comment       0x00000000       0x6f ..\obj\syscalls.o
 .debug_frame   0x00000000      0x168 ..\obj\syscalls.o
 .ARM.attributes
                0x00000000       0x39 ..\obj\syscalls.o
 .text          0x00000000        0x0 ..\obj\arm_mat_sub_q15.o
 .data          0x00000000        0x0 ..\obj\arm_mat_sub_q15.o
 .bss           0x00000000        0x0 ..\obj\arm_mat_sub_q15.o
 .text.arm_mat_sub_q15
                0x00000000      0x108 ..\obj\arm_mat_sub_q15.o
 .debug_info    0x00000000      0x2f7 ..\obj\arm_mat_sub_q15.o
 .debug_abbrev  0x00000000      0x131 ..\obj\arm_mat_sub_q15.o
 .debug_aranges
                0x00000000       0x20 ..\obj\arm_mat_sub_q15.o
 .debug_ranges  0x00000000       0x10 ..\obj\arm_mat_sub_q15.o
 .debug_line    0x00000000      0x2a0 ..\obj\arm_mat_sub_q15.o
 .debug_str     0x00000000      0x33b ..\obj\arm_mat_sub_q15.o
 .comment       0x00000000       0x6f ..\obj\arm_mat_sub_q15.o
 .debug_frame   0x00000000       0x3c ..\obj\arm_mat_sub_q15.o
 .ARM.attributes
                0x00000000       0x39 ..\obj\arm_mat_sub_q15.o
 .text          0x00000000        0x0 ..\obj\arm_mat_trans_q15.o
 .data          0x00000000        0x0 ..\obj\arm_mat_trans_q15.o
 .bss           0x00000000        0x0 ..\obj\arm_mat_trans_q15.o
 .text.arm_mat_trans_q15
                0x00000000      0x108 ..\obj\arm_mat_trans_q15.o
 .debug_info    0x00000000      0x22e ..\obj\arm_mat_trans_q15.o
 .debug_abbrev  0x00000000       0xd8 ..\obj\arm_mat_trans_q15.o
 .debug_aranges
                0x00000000       0x20 ..\obj\arm_mat_trans_q15.o
 .debug_ranges  0x00000000       0x10 ..\obj\arm_mat_trans_q15.o
 .debug_line    0x00000000      0x22f ..\obj\arm_mat_trans_q15.o
 .debug_str     0x00000000      0x313 ..\obj\arm_mat_trans_q15.o
 .comment       0x00000000       0x6f ..\obj\arm_mat_trans_q15.o
 .debug_frame   0x00000000       0x38 ..\obj\arm_mat_trans_q15.o
 .ARM.attributes
                0x00000000       0x39 ..\obj\arm_mat_trans_q15.o
 .text          0x00000000        0x0 ..\obj\arm_mat_mult_fast_q15.o
 .data          0x00000000        0x0 ..\obj\arm_mat_mult_fast_q15.o
 .bss           0x00000000        0x0 ..\obj\arm_mat_mult_fast_q15.o
 .text.arm_mat_mult_fast_q15
                0x00000000      0x220 ..\obj\arm_mat_mult_fast_q15.o
 .debug_info    0x00000000      0x334 ..\obj\arm_mat_mult_fast_q15.o
 .debug_abbrev  0x00000000      0x12f ..\obj\arm_mat_mult_fast_q15.o
 .debug_aranges
                0x00000000       0x20 ..\obj\arm_mat_mult_fast_q15.o
 .debug_ranges  0x00000000       0x10 ..\obj\arm_mat_mult_fast_q15.o
 .debug_line    0x00000000      0x2bf ..\obj\arm_mat_mult_fast_q15.o
 .debug_str     0x00000000      0x36e ..\obj\arm_mat_mult_fast_q15.o
 .comment       0x00000000       0x6f ..\obj\arm_mat_mult_fast_q15.o
 .debug_frame   0x00000000       0x38 ..\obj\arm_mat_mult_fast_q15.o
 .ARM.attributes
                0x00000000       0x39 ..\obj\arm_mat_mult_fast_q15.o
 .text          0x00000000        0x0 ..\obj\arm_mat_scale_q15.o
 .data          0x00000000        0x0 ..\obj\arm_mat_scale_q15.o
 .bss           0x00000000        0x0 ..\obj\arm_mat_scale_q15.o
 .text.arm_mat_scale_q15
                0x00000000      0x164 ..\obj\arm_mat_scale_q15.o
 .debug_info    0x00000000      0x30d ..\obj\arm_mat_scale_q15.o
 .debug_abbrev  0x00000000       0xec ..\obj\arm_mat_scale_q15.o
 .debug_aranges
                0x00000000       0x20 ..\obj\arm_mat_scale_q15.o
 .debug_ranges  0x00000000       0x10 ..\obj\arm_mat_scale_q15.o
 .debug_line    0x00000000      0x227 ..\obj\arm_mat_scale_q15.o
 .debug_str     0x00000000      0x34b ..\obj\arm_mat_scale_q15.o
 .comment       0x00000000       0x6f ..\obj\arm_mat_scale_q15.o
 .debug_frame   0x00000000       0x38 ..\obj\arm_mat_scale_q15.o
 .ARM.attributes
                0x00000000       0x39 ..\obj\arm_mat_scale_q15.o
 .text          0x00000000        0x0 ..\obj\arm_mat_sub_f32.o
 .data          0x00000000        0x0 ..\obj\arm_mat_sub_f32.o
 .bss           0x00000000        0x0 ..\obj\arm_mat_sub_f32.o
 .text          0x00000000        0x0 ..\obj\arm_mat_trans_f32.o
 .data          0x00000000        0x0 ..\obj\arm_mat_trans_f32.o
 .bss           0x00000000        0x0 ..\obj\arm_mat_trans_f32.o
 .text          0x00000000        0x0 ..\obj\arm_mat_scale_f32.o
 .data          0x00000000        0x0 ..\obj\arm_mat_scale_f32.o
 .bss           0x00000000        0x0 ..\obj\arm_mat_scale_f32.o
 .text          0x00000000        0x0 ..\obj\stm32f4xx_i2c.o
 .data          0x00000000        0x0 ..\obj\stm32f4xx_i2c.o
 .bss           0x00000000        0x0 ..\obj\stm32f4xx_i2c.o
 .text.I2C_DeInit
                0x00000000       0x74 ..\obj\stm32f4xx_i2c.o
 .text.I2C_StructInit
                0x00000000       0x40 ..\obj\stm32f4xx_i2c.o
 .text.I2C_OwnAddress2Config
                0x00000000       0x44 ..\obj\stm32f4xx_i2c.o
 .text.I2C_DualAddressCmd
                0x00000000       0x40 ..\obj\stm32f4xx_i2c.o
 .text.I2C_GeneralCallCmd
                0x00000000       0x40 ..\obj\stm32f4xx_i2c.o
 .text.I2C_SoftwareResetCmd
                0x00000000       0x44 ..\obj\stm32f4xx_i2c.o
 .text.I2C_StretchClockCmd
                0x00000000       0x40 ..\obj\stm32f4xx_i2c.o
 .text.I2C_FastModeDutyCycleConfig
                0x00000000       0x44 ..\obj\stm32f4xx_i2c.o
 .text.I2C_NACKPositionConfig
                0x00000000       0x44 ..\obj\stm32f4xx_i2c.o
 .text.I2C_SMBusAlertConfig
                0x00000000       0x44 ..\obj\stm32f4xx_i2c.o
 .text.I2C_ARPCmd
                0x00000000       0x40 ..\obj\stm32f4xx_i2c.o
 .text.I2C_TransmitPEC
                0x00000000       0x40 ..\obj\stm32f4xx_i2c.o
 .text.I2C_PECPositionConfig
                0x00000000       0x44 ..\obj\stm32f4xx_i2c.o
 .text.I2C_CalculatePEC
                0x00000000       0x40 ..\obj\stm32f4xx_i2c.o
 .text.I2C_GetPEC
                0x00000000       0x20 ..\obj\stm32f4xx_i2c.o
 .text.I2C_DMACmd
                0x00000000       0x40 ..\obj\stm32f4xx_i2c.o
 .text.I2C_DMALastTransferCmd
                0x00000000       0x40 ..\obj\stm32f4xx_i2c.o
 .text.I2C_ReadRegister
                0x00000000       0x30 ..\obj\stm32f4xx_i2c.o
 .text.I2C_ITConfig
                0x00000000       0x48 ..\obj\stm32f4xx_i2c.o
 .text.I2C_GetLastEvent
                0x00000000       0x44 ..\obj\stm32f4xx_i2c.o
 .text.I2C_ClearFlag
                0x00000000       0x30 ..\obj\stm32f4xx_i2c.o
 .text.I2C_GetITStatus
                0x00000000       0x5c ..\obj\stm32f4xx_i2c.o
 .text.I2C_ClearITPendingBit
                0x00000000       0x30 ..\obj\stm32f4xx_i2c.o
 .text          0x00000000        0x0 ..\obj\Kalman.o
 .data          0x00000000        0x0 ..\obj\Kalman.o
 .bss           0x00000000        0x0 ..\obj\Kalman.o
 .text          0x00000000        0x0 ..\obj\misc.o
 .data          0x00000000        0x0 ..\obj\misc.o
 .bss           0x00000000        0x0 ..\obj\misc.o
 .text.NVIC_PriorityGroupConfig
                0x00000000       0x28 ..\obj\misc.o
 .text.NVIC_Init
                0x00000000       0xc4 ..\obj\misc.o
 .text.NVIC_SetVectorTable
                0x00000000       0x2c ..\obj\misc.o
 .text.NVIC_SystemLPConfig
                0x00000000       0x44 ..\obj\misc.o
 .text.SysTick_CLKSourceConfig
                0x00000000       0x38 ..\obj\misc.o
 .debug_info    0x00000000      0x556 ..\obj\misc.o
 .debug_abbrev  0x00000000      0x147 ..\obj\misc.o
 .debug_aranges
                0x00000000       0x40 ..\obj\misc.o
 .debug_ranges  0x00000000       0x30 ..\obj\misc.o
 .debug_line    0x00000000      0x2ee ..\obj\misc.o
 .debug_str     0x00000000      0x415 ..\obj\misc.o
 .comment       0x00000000       0x6f ..\obj\misc.o
 .debug_frame   0x00000000       0xd8 ..\obj\misc.o
 .ARM.attributes
                0x00000000       0x39 ..\obj\misc.o
 .text          0x00000000        0x0 ..\obj\arm_mat_mult_q15.o
 .data          0x00000000        0x0 ..\obj\arm_mat_mult_q15.o
 .bss           0x00000000        0x0 ..\obj\arm_mat_mult_q15.o
 .text.arm_mat_mult_q15
                0x00000000      0x27c ..\obj\arm_mat_mult_q15.o
 .debug_info    0x00000000      0x367 ..\obj\arm_mat_mult_q15.o
 .debug_abbrev  0x00000000       0xfb ..\obj\arm_mat_mult_q15.o
 .debug_aranges
                0x00000000       0x20 ..\obj\arm_mat_mult_q15.o
 .debug_ranges  0x00000000       0x10 ..\obj\arm_mat_mult_q15.o
 .debug_line    0x00000000      0x24d ..\obj\arm_mat_mult_q15.o
 .debug_str     0x00000000      0x3a7 ..\obj\arm_mat_mult_q15.o
 .comment       0x00000000       0x6f ..\obj\arm_mat_mult_q15.o
 .debug_frame   0x00000000       0x4c ..\obj\arm_mat_mult_q15.o
 .ARM.attributes
                0x00000000       0x39 ..\obj\arm_mat_mult_q15.o
 .text          0x00000000        0x0 ..\obj\arm_mat_trans_q31.o
 .data          0x00000000        0x0 ..\obj\arm_mat_trans_q31.o
 .bss           0x00000000        0x0 ..\obj\arm_mat_trans_q31.o
 .text.arm_mat_trans_q31
                0x00000000       0xf4 ..\obj\arm_mat_trans_q31.o
 .debug_info    0x00000000      0x20c ..\obj\arm_mat_trans_q31.o
 .debug_abbrev  0x00000000       0xd8 ..\obj\arm_mat_trans_q31.o
 .debug_aranges
                0x00000000       0x20 ..\obj\arm_mat_trans_q31.o
 .debug_ranges  0x00000000       0x10 ..\obj\arm_mat_trans_q31.o
 .debug_line    0x00000000      0x21f ..\obj\arm_mat_trans_q31.o
 .debug_str     0x00000000      0x2fc ..\obj\arm_mat_trans_q31.o
 .comment       0x00000000       0x6f ..\obj\arm_mat_trans_q31.o
 .debug_frame   0x00000000       0x38 ..\obj\arm_mat_trans_q31.o
 .ARM.attributes
                0x00000000       0x39 ..\obj\arm_mat_trans_q31.o
 .text          0x00000000        0x0 ..\obj\arm_mat_sub_q31.o
 .data          0x00000000        0x0 ..\obj\arm_mat_sub_q31.o
 .bss           0x00000000        0x0 ..\obj\arm_mat_sub_q31.o
 .text.arm_mat_sub_q31
                0x00000000      0x140 ..\obj\arm_mat_sub_q31.o
 .debug_info    0x00000000      0x353 ..\obj\arm_mat_sub_q31.o
 .debug_abbrev  0x00000000      0x131 ..\obj\arm_mat_sub_q31.o
 .debug_aranges
                0x00000000       0x20 ..\obj\arm_mat_sub_q31.o
 .debug_ranges  0x00000000       0x10 ..\obj\arm_mat_sub_q31.o
 .debug_line    0x00000000      0x2ba ..\obj\arm_mat_sub_q31.o
 .debug_str     0x00000000      0x327 ..\obj\arm_mat_sub_q31.o
 .comment       0x00000000       0x6f ..\obj\arm_mat_sub_q31.o
 .debug_frame   0x00000000       0x38 ..\obj\arm_mat_sub_q31.o
 .ARM.attributes
                0x00000000       0x39 ..\obj\arm_mat_sub_q31.o
 .text          0x00000000        0x0 ..\obj\stm32f4xx_tim.o
 .data          0x00000000        0x0 ..\obj\stm32f4xx_tim.o
 .bss           0x00000000        0x0 ..\obj\stm32f4xx_tim.o
 .text.TIM_DeInit
                0x00000000      0x1c0 ..\obj\stm32f4xx_tim.o
 .text.TIM_TimeBaseInit
                0x00000000       0xd8 ..\obj\stm32f4xx_tim.o
 .text.TIM_TimeBaseStructInit
                0x00000000       0x34 ..\obj\stm32f4xx_tim.o
 .text.TIM_PrescalerConfig
                0x00000000       0x28 ..\obj\stm32f4xx_tim.o
 .text.TIM_CounterModeConfig
                0x00000000       0x38 ..\obj\stm32f4xx_tim.o
 .text.TIM_SetCounter
                0x00000000       0x1c ..\obj\stm32f4xx_tim.o
 .text.TIM_SetAutoreload
                0x00000000       0x1c ..\obj\stm32f4xx_tim.o
 .text.TIM_GetCounter
                0x00000000       0x18 ..\obj\stm32f4xx_tim.o
 .text.TIM_GetPrescaler
                0x00000000       0x1c ..\obj\stm32f4xx_tim.o
 .text.TIM_UpdateDisableConfig
                0x00000000       0x40 ..\obj\stm32f4xx_tim.o
 .text.TIM_UpdateRequestConfig
                0x00000000       0x40 ..\obj\stm32f4xx_tim.o
 .text.TIM_ARRPreloadConfig
                0x00000000       0x40 ..\obj\stm32f4xx_tim.o
 .text.TIM_SelectOnePulseMode
                0x00000000       0x38 ..\obj\stm32f4xx_tim.o
 .text.TIM_SetClockDivision
                0x00000000       0x38 ..\obj\stm32f4xx_tim.o
 .text.TIM_Cmd  0x00000000       0x40 ..\obj\stm32f4xx_tim.o
 .text.TIM_OC1Init
                0x00000000       0xf4 ..\obj\stm32f4xx_tim.o
 .text.TIM_OC2Init
                0x00000000      0x110 ..\obj\stm32f4xx_tim.o
 .text.TIM_OC3Init
                0x00000000      0x10c ..\obj\stm32f4xx_tim.o
 .text.TIM_OC4Init
                0x00000000       0xd0 ..\obj\stm32f4xx_tim.o
 .text.TIM_OCStructInit
                0x00000000       0x44 ..\obj\stm32f4xx_tim.o
 .text.TIM_SelectOCxM
                0x00000000       0xb4 ..\obj\stm32f4xx_tim.o
 .text.TIM_SetCompare1
                0x00000000       0x1c ..\obj\stm32f4xx_tim.o
 .text.TIM_SetCompare2
                0x00000000       0x1c ..\obj\stm32f4xx_tim.o
 .text.TIM_SetCompare3
                0x00000000       0x1c ..\obj\stm32f4xx_tim.o
 .text.TIM_SetCompare4
                0x00000000       0x1c ..\obj\stm32f4xx_tim.o
 .text.TIM_ForcedOC1Config
                0x00000000       0x38 ..\obj\stm32f4xx_tim.o
 .text.TIM_ForcedOC2Config
                0x00000000       0x3c ..\obj\stm32f4xx_tim.o
 .text.TIM_ForcedOC3Config
                0x00000000       0x38 ..\obj\stm32f4xx_tim.o
 .text.TIM_ForcedOC4Config
                0x00000000       0x3c ..\obj\stm32f4xx_tim.o
 .text.TIM_OC1PreloadConfig
                0x00000000       0x38 ..\obj\stm32f4xx_tim.o
 .text.TIM_OC2PreloadConfig
                0x00000000       0x3c ..\obj\stm32f4xx_tim.o
 .text.TIM_OC3PreloadConfig
                0x00000000       0x38 ..\obj\stm32f4xx_tim.o
 .text.TIM_OC4PreloadConfig
                0x00000000       0x3c ..\obj\stm32f4xx_tim.o
 .text.TIM_OC1FastConfig
                0x00000000       0x38 ..\obj\stm32f4xx_tim.o
 .text.TIM_OC2FastConfig
                0x00000000       0x3c ..\obj\stm32f4xx_tim.o
 .text.TIM_OC3FastConfig
                0x00000000       0x38 ..\obj\stm32f4xx_tim.o
 .text.TIM_OC4FastConfig
                0x00000000       0x3c ..\obj\stm32f4xx_tim.o
 .text.TIM_ClearOC1Ref
                0x00000000       0x38 ..\obj\stm32f4xx_tim.o
 .text.TIM_ClearOC2Ref
                0x00000000       0x3c ..\obj\stm32f4xx_tim.o
 .text.TIM_ClearOC3Ref
                0x00000000       0x38 ..\obj\stm32f4xx_tim.o
 .text.TIM_ClearOC4Ref
                0x00000000       0x3c ..\obj\stm32f4xx_tim.o
 .text.TIM_OC1PolarityConfig
                0x00000000       0x38 ..\obj\stm32f4xx_tim.o
 .text.TIM_OC1NPolarityConfig
                0x00000000       0x38 ..\obj\stm32f4xx_tim.o
 .text.TIM_OC2PolarityConfig
                0x00000000       0x3c ..\obj\stm32f4xx_tim.o
 .text.TIM_OC2NPolarityConfig
                0x00000000       0x3c ..\obj\stm32f4xx_tim.o
 .text.TIM_OC3PolarityConfig
                0x00000000       0x3c ..\obj\stm32f4xx_tim.o
 .text.TIM_OC3NPolarityConfig
                0x00000000       0x3c ..\obj\stm32f4xx_tim.o
 .text.TIM_OC4PolarityConfig
                0x00000000       0x3c ..\obj\stm32f4xx_tim.o
 .text.TIM_CCxCmd
                0x00000000       0x5c ..\obj\stm32f4xx_tim.o
 .text.TIM_CCxNCmd
                0x00000000       0x5c ..\obj\stm32f4xx_tim.o
 .text.TIM_ICInit
                0x00000000       0xa8 ..\obj\stm32f4xx_tim.o
 .text.TIM_ICStructInit
                0x00000000       0x34 ..\obj\stm32f4xx_tim.o
 .text.TIM_PWMIConfig
                0x00000000       0xb8 ..\obj\stm32f4xx_tim.o
 .text.TIM_GetCapture1
                0x00000000       0x18 ..\obj\stm32f4xx_tim.o
 .text.TIM_GetCapture2
                0x00000000       0x18 ..\obj\stm32f4xx_tim.o
 .text.TIM_GetCapture3
                0x00000000       0x18 ..\obj\stm32f4xx_tim.o
 .text.TIM_GetCapture4
                0x00000000       0x18 ..\obj\stm32f4xx_tim.o
 .text.TIM_SetIC1Prescaler
                0x00000000       0x38 ..\obj\stm32f4xx_tim.o
 .text.TIM_SetIC2Prescaler
                0x00000000       0x3c ..\obj\stm32f4xx_tim.o
 .text.TIM_SetIC3Prescaler
                0x00000000       0x38 ..\obj\stm32f4xx_tim.o
 .text.TIM_SetIC4Prescaler
                0x00000000       0x3c ..\obj\stm32f4xx_tim.o
 .text.TIM_BDTRConfig
                0x00000000       0x50 ..\obj\stm32f4xx_tim.o
 .text.TIM_BDTRStructInit
                0x00000000       0x40 ..\obj\stm32f4xx_tim.o
 .text.TIM_CtrlPWMOutputs
                0x00000000       0x4c ..\obj\stm32f4xx_tim.o
 .text.TIM_SelectCOM
                0x00000000       0x40 ..\obj\stm32f4xx_tim.o
 .text.TIM_CCPreloadControl
                0x00000000       0x40 ..\obj\stm32f4xx_tim.o
 .text.TIM_ITConfig
                0x00000000       0x48 ..\obj\stm32f4xx_tim.o
 .text.TIM_GenerateEvent
                0x00000000       0x20 ..\obj\stm32f4xx_tim.o
 .text.TIM_GetFlagStatus
                0x00000000       0x38 ..\obj\stm32f4xx_tim.o
 .text.TIM_ClearFlag
                0x00000000       0x24 ..\obj\stm32f4xx_tim.o
 .text.TIM_GetITStatus
                0x00000000       0x54 ..\obj\stm32f4xx_tim.o
 .text.TIM_ClearITPendingBit
                0x00000000       0x24 ..\obj\stm32f4xx_tim.o
 .text.TIM_DMAConfig
                0x00000000       0x2c ..\obj\stm32f4xx_tim.o
 .text.TIM_DMACmd
                0x00000000       0x48 ..\obj\stm32f4xx_tim.o
 .text.TIM_SelectCCDMA
                0x00000000       0x40 ..\obj\stm32f4xx_tim.o
 .text.TIM_InternalClockConfig
                0x00000000       0x24 ..\obj\stm32f4xx_tim.o
 .text.TIM_ITRxExternalClockConfig
                0x00000000       0x30 ..\obj\stm32f4xx_tim.o
 .text.TIM_TIxExternalClockConfig
                0x00000000       0x5c ..\obj\stm32f4xx_tim.o
 .text.TIM_ETRClockMode1Config
                0x00000000       0x60 ..\obj\stm32f4xx_tim.o
 .text.TIM_ETRClockMode2Config
                0x00000000       0x40 ..\obj\stm32f4xx_tim.o
 .text.TIM_SelectInputTrigger
                0x00000000       0x38 ..\obj\stm32f4xx_tim.o
 .text.TIM_SelectOutputTrigger
                0x00000000       0x38 ..\obj\stm32f4xx_tim.o
 .text.TIM_SelectSlaveMode
                0x00000000       0x38 ..\obj\stm32f4xx_tim.o
 .text.TIM_SelectMasterSlaveMode
                0x00000000       0x38 ..\obj\stm32f4xx_tim.o
 .text.TIM_ETRConfig
                0x00000000       0x54 ..\obj\stm32f4xx_tim.o
 .text.TIM_EncoderInterfaceConfig
                0x00000000       0x98 ..\obj\stm32f4xx_tim.o
 .text.TIM_SelectHallSensor
                0x00000000       0x40 ..\obj\stm32f4xx_tim.o
 .text.TIM_RemapConfig
                0x00000000       0x20 ..\obj\stm32f4xx_tim.o
 .text.TI1_Config
                0x00000000       0x88 ..\obj\stm32f4xx_tim.o
 .text.TI2_Config
                0x00000000       0x9c ..\obj\stm32f4xx_tim.o
 .text.TI3_Config
                0x00000000       0x90 ..\obj\stm32f4xx_tim.o
 .text.TI4_Config
                0x00000000       0xa0 ..\obj\stm32f4xx_tim.o
 .debug_info    0x00000000     0x1c69 ..\obj\stm32f4xx_tim.o
 .debug_abbrev  0x00000000      0x189 ..\obj\stm32f4xx_tim.o
 .debug_aranges
                0x00000000      0x2f8 ..\obj\stm32f4xx_tim.o
 .debug_ranges  0x00000000      0x2e8 ..\obj\stm32f4xx_tim.o
 .debug_line    0x00000000      0xb71 ..\obj\stm32f4xx_tim.o
 .debug_str     0x00000000      0xe17 ..\obj\stm32f4xx_tim.o
 .comment       0x00000000       0x6f ..\obj\stm32f4xx_tim.o
 .debug_frame   0x00000000      0xe54 ..\obj\stm32f4xx_tim.o
 .ARM.attributes
                0x00000000       0x39 ..\obj\stm32f4xx_tim.o
 .text          0x00000000        0x0 ..\obj\arm_mat_mult_fast_q31.o
 .data          0x00000000        0x0 ..\obj\arm_mat_mult_fast_q31.o
 .bss           0x00000000        0x0 ..\obj\arm_mat_mult_fast_q31.o
 .text.arm_mat_mult_fast_q31
                0x00000000      0x2e4 ..\obj\arm_mat_mult_fast_q31.o
 .debug_info    0x00000000      0x296 ..\obj\arm_mat_mult_fast_q31.o
 .debug_abbrev  0x00000000       0xd8 ..\obj\arm_mat_mult_fast_q31.o
 .debug_aranges
                0x00000000       0x20 ..\obj\arm_mat_mult_fast_q31.o
 .debug_ranges  0x00000000       0x10 ..\obj\arm_mat_mult_fast_q31.o
 .debug_line    0x00000000      0x24b ..\obj\arm_mat_mult_fast_q31.o
 .debug_str     0x00000000      0x33e ..\obj\arm_mat_mult_fast_q31.o
 .comment       0x00000000       0x6f ..\obj\arm_mat_mult_fast_q31.o
 .debug_frame   0x00000000       0x4c ..\obj\arm_mat_mult_fast_q31.o
 .ARM.attributes
                0x00000000       0x39 ..\obj\arm_mat_mult_fast_q31.o
 .text          0x00000000        0x0 ..\obj\arm_mat_scale_q31.o
 .data          0x00000000        0x0 ..\obj\arm_mat_scale_q31.o
 .bss           0x00000000        0x0 ..\obj\arm_mat_scale_q31.o
 .text.clip_q63_to_q31
                0x00000000       0x40 ..\obj\arm_mat_scale_q31.o
 .text.arm_mat_scale_q31
                0x00000000      0x280 ..\obj\arm_mat_scale_q31.o
 .debug_info    0x00000000      0x274 ..\obj\arm_mat_scale_q31.o
 .debug_abbrev  0x00000000      0x101 ..\obj\arm_mat_scale_q31.o
 .debug_aranges
                0x00000000       0x28 ..\obj\arm_mat_scale_q31.o
 .debug_ranges  0x00000000       0x18 ..\obj\arm_mat_scale_q31.o
 .debug_line    0x00000000      0x251 ..\obj\arm_mat_scale_q31.o
 .debug_str     0x00000000      0x34e ..\obj\arm_mat_scale_q31.o
 .comment       0x00000000       0x6f ..\obj\arm_mat_scale_q31.o
 .debug_frame   0x00000000       0x78 ..\obj\arm_mat_scale_q31.o
 .ARM.attributes
                0x00000000       0x39 ..\obj\arm_mat_scale_q31.o
 .text          0x00000000        0x0 ..\obj\arm_mat_mult_f32.o
 .data          0x00000000        0x0 ..\obj\arm_mat_mult_f32.o
 .bss           0x00000000        0x0 ..\obj\arm_mat_mult_f32.o
 .text          0x00000000        0x0 ..\obj\usart.o
 .data          0x00000000        0x0 ..\obj\usart.o
 .bss           0x00000000        0x0 ..\obj\usart.o
 .text.USART_send_word8
                0x00000000       0x34 ..\obj\usart.o
 .text.USART_sendString
                0x00000000       0x50 ..\obj\usart.o
 .text.USART_sendMany_word16
                0x00000000       0x50 ..\obj\usart.o
 .text.USART_sendFloat_word8
                0x00000000       0x54 ..\obj\usart.o
 .text          0x00000000        0x0 ..\obj\arm_mat_add_q15.o
 .data          0x00000000        0x0 ..\obj\arm_mat_add_q15.o
 .bss           0x00000000        0x0 ..\obj\arm_mat_add_q15.o
 .text.arm_mat_add_q15
                0x00000000      0x110 ..\obj\arm_mat_add_q15.o
 .debug_info    0x00000000      0x2f3 ..\obj\arm_mat_add_q15.o
 .debug_abbrev  0x00000000      0x131 ..\obj\arm_mat_add_q15.o
 .debug_aranges
                0x00000000       0x20 ..\obj\arm_mat_add_q15.o
 .debug_ranges  0x00000000       0x10 ..\obj\arm_mat_add_q15.o
 .debug_line    0x00000000      0x2a0 ..\obj\arm_mat_add_q15.o
 .debug_str     0x00000000      0x33b ..\obj\arm_mat_add_q15.o
 .comment       0x00000000       0x6f ..\obj\arm_mat_add_q15.o
 .debug_frame   0x00000000       0x3c ..\obj\arm_mat_add_q15.o
 .ARM.attributes
                0x00000000       0x39 ..\obj\arm_mat_add_q15.o
 .text          0x00000000        0x0 c:/program files (x86)/gnu tools arm embedded/5.3 2016q1/bin/../lib/gcc/arm-none-eabi/5.3.1/../../../../arm-none-eabi/lib/armv7e-m/fpu\libm.a(lib_a-w_atan2.o)
 .data          0x00000000        0x0 c:/program files (x86)/gnu tools arm embedded/5.3 2016q1/bin/../lib/gcc/arm-none-eabi/5.3.1/../../../../arm-none-eabi/lib/armv7e-m/fpu\libm.a(lib_a-w_atan2.o)
 .bss           0x00000000        0x0 c:/program files (x86)/gnu tools arm embedded/5.3 2016q1/bin/../lib/gcc/arm-none-eabi/5.3.1/../../../../arm-none-eabi/lib/armv7e-m/fpu\libm.a(lib_a-w_atan2.o)
 .text          0x00000000        0x0 c:/program files (x86)/gnu tools arm embedded/5.3 2016q1/bin/../lib/gcc/arm-none-eabi/5.3.1/../../../../arm-none-eabi/lib/armv7e-m/fpu\libm.a(lib_a-wf_sqrt.o)
 .data          0x00000000        0x0 c:/program files (x86)/gnu tools arm embedded/5.3 2016q1/bin/../lib/gcc/arm-none-eabi/5.3.1/../../../../arm-none-eabi/lib/armv7e-m/fpu\libm.a(lib_a-wf_sqrt.o)
 .bss           0x00000000        0x0 c:/program files (x86)/gnu tools arm embedded/5.3 2016q1/bin/../lib/gcc/arm-none-eabi/5.3.1/../../../../arm-none-eabi/lib/armv7e-m/fpu\libm.a(lib_a-wf_sqrt.o)
 .text          0x00000000        0x0 c:/program files (x86)/gnu tools arm embedded/5.3 2016q1/bin/../lib/gcc/arm-none-eabi/5.3.1/../../../../arm-none-eabi/lib/armv7e-m/fpu\libm.a(lib_a-e_atan2.o)
 .data          0x00000000        0x0 c:/program files (x86)/gnu tools arm embedded/5.3 2016q1/bin/../lib/gcc/arm-none-eabi/5.3.1/../../../../arm-none-eabi/lib/armv7e-m/fpu\libm.a(lib_a-e_atan2.o)
 .bss           0x00000000        0x0 c:/program files (x86)/gnu tools arm embedded/5.3 2016q1/bin/../lib/gcc/arm-none-eabi/5.3.1/../../../../arm-none-eabi/lib/armv7e-m/fpu\libm.a(lib_a-e_atan2.o)
 .text          0x00000000        0x0 c:/program files (x86)/gnu tools arm embedded/5.3 2016q1/bin/../lib/gcc/arm-none-eabi/5.3.1/../../../../arm-none-eabi/lib/armv7e-m/fpu\libm.a(lib_a-ef_sqrt.o)
 .data          0x00000000        0x0 c:/program files (x86)/gnu tools arm embedded/5.3 2016q1/bin/../lib/gcc/arm-none-eabi/5.3.1/../../../../arm-none-eabi/lib/armv7e-m/fpu\libm.a(lib_a-ef_sqrt.o)
 .bss           0x00000000        0x0 c:/program files (x86)/gnu tools arm embedded/5.3 2016q1/bin/../lib/gcc/arm-none-eabi/5.3.1/../../../../arm-none-eabi/lib/armv7e-m/fpu\libm.a(lib_a-ef_sqrt.o)
 .text          0x00000000        0x0 c:/program files (x86)/gnu tools arm embedded/5.3 2016q1/bin/../lib/gcc/arm-none-eabi/5.3.1/../../../../arm-none-eabi/lib/armv7e-m/fpu\libm.a(lib_a-s_atan.o)
 .data          0x00000000        0x0 c:/program files (x86)/gnu tools arm embedded/5.3 2016q1/bin/../lib/gcc/arm-none-eabi/5.3.1/../../../../arm-none-eabi/lib/armv7e-m/fpu\libm.a(lib_a-s_atan.o)
 .bss           0x00000000        0x0 c:/program files (x86)/gnu tools arm embedded/5.3 2016q1/bin/../lib/gcc/arm-none-eabi/5.3.1/../../../../arm-none-eabi/lib/armv7e-m/fpu\libm.a(lib_a-s_atan.o)
 .text          0x00000000        0x0 c:/program files (x86)/gnu tools arm embedded/5.3 2016q1/bin/../lib/gcc/arm-none-eabi/5.3.1/../../../../arm-none-eabi/lib/armv7e-m/fpu\libm.a(lib_a-s_fabs.o)
 .data          0x00000000        0x0 c:/program files (x86)/gnu tools arm embedded/5.3 2016q1/bin/../lib/gcc/arm-none-eabi/5.3.1/../../../../arm-none-eabi/lib/armv7e-m/fpu\libm.a(lib_a-s_fabs.o)
 .bss           0x00000000        0x0 c:/program files (x86)/gnu tools arm embedded/5.3 2016q1/bin/../lib/gcc/arm-none-eabi/5.3.1/../../../../arm-none-eabi/lib/armv7e-m/fpu\libm.a(lib_a-s_fabs.o)
 .text          0x00000000        0x0 c:/program files (x86)/gnu tools arm embedded/5.3 2016q1/bin/../lib/gcc/arm-none-eabi/5.3.1/../../../../arm-none-eabi/lib/armv7e-m/fpu\libm.a(lib_a-s_lib_ver.o)
 .data          0x00000000        0x0 c:/program files (x86)/gnu tools arm embedded/5.3 2016q1/bin/../lib/gcc/arm-none-eabi/5.3.1/../../../../arm-none-eabi/lib/armv7e-m/fpu\libm.a(lib_a-s_lib_ver.o)
 .bss           0x00000000        0x0 c:/program files (x86)/gnu tools arm embedded/5.3 2016q1/bin/../lib/gcc/arm-none-eabi/5.3.1/../../../../arm-none-eabi/lib/armv7e-m/fpu\libm.a(lib_a-s_lib_ver.o)
 .text          0x00000000        0x0 c:/program files (x86)/gnu tools arm embedded/5.3 2016q1/bin/../lib/gcc/arm-none-eabi/5.3.1/../../../../arm-none-eabi/lib/armv7e-m/fpu\libm.a(lib_a-s_matherr.o)
 .data          0x00000000        0x0 c:/program files (x86)/gnu tools arm embedded/5.3 2016q1/bin/../lib/gcc/arm-none-eabi/5.3.1/../../../../arm-none-eabi/lib/armv7e-m/fpu\libm.a(lib_a-s_matherr.o)
 .bss           0x00000000        0x0 c:/program files (x86)/gnu tools arm embedded/5.3 2016q1/bin/../lib/gcc/arm-none-eabi/5.3.1/../../../../arm-none-eabi/lib/armv7e-m/fpu\libm.a(lib_a-s_matherr.o)
 .data          0x00000000        0x0 c:/program files (x86)/gnu tools arm embedded/5.3 2016q1/bin/../lib/gcc/arm-none-eabi/5.3.1/armv7e-m/fpu\libgcc.a(_arm_addsubdf3.o)
 .bss           0x00000000        0x0 c:/program files (x86)/gnu tools arm embedded/5.3 2016q1/bin/../lib/gcc/arm-none-eabi/5.3.1/armv7e-m/fpu\libgcc.a(_arm_addsubdf3.o)
 .data          0x00000000        0x0 c:/program files (x86)/gnu tools arm embedded/5.3 2016q1/bin/../lib/gcc/arm-none-eabi/5.3.1/armv7e-m/fpu\libgcc.a(_arm_muldivdf3.o)
 .bss           0x00000000        0x0 c:/program files (x86)/gnu tools arm embedded/5.3 2016q1/bin/../lib/gcc/arm-none-eabi/5.3.1/armv7e-m/fpu\libgcc.a(_arm_muldivdf3.o)
 .data          0x00000000        0x0 c:/program files (x86)/gnu tools arm embedded/5.3 2016q1/bin/../lib/gcc/arm-none-eabi/5.3.1/armv7e-m/fpu\libgcc.a(_arm_cmpdf2.o)
 .bss           0x00000000        0x0 c:/program files (x86)/gnu tools arm embedded/5.3 2016q1/bin/../lib/gcc/arm-none-eabi/5.3.1/armv7e-m/fpu\libgcc.a(_arm_cmpdf2.o)
 .data          0x00000000        0x0 c:/program files (x86)/gnu tools arm embedded/5.3 2016q1/bin/../lib/gcc/arm-none-eabi/5.3.1/armv7e-m/fpu\libgcc.a(_arm_truncdfsf2.o)
 .bss           0x00000000        0x0 c:/program files (x86)/gnu tools arm embedded/5.3 2016q1/bin/../lib/gcc/arm-none-eabi/5.3.1/armv7e-m/fpu\libgcc.a(_arm_truncdfsf2.o)
 .text          0x00000000        0x0 c:/program files (x86)/gnu tools arm embedded/5.3 2016q1/bin/../lib/gcc/arm-none-eabi/5.3.1/../../../../arm-none-eabi/lib/armv7e-m/fpu\libg.a(lib_a-errno.o)
 .data          0x00000000        0x0 c:/program files (x86)/gnu tools arm embedded/5.3 2016q1/bin/../lib/gcc/arm-none-eabi/5.3.1/../../../../arm-none-eabi/lib/armv7e-m/fpu\libg.a(lib_a-errno.o)
 .bss           0x00000000        0x0 c:/program files (x86)/gnu tools arm embedded/5.3 2016q1/bin/../lib/gcc/arm-none-eabi/5.3.1/../../../../arm-none-eabi/lib/armv7e-m/fpu\libg.a(lib_a-errno.o)
 .text          0x00000000        0x0 c:/program files (x86)/gnu tools arm embedded/5.3 2016q1/bin/../lib/gcc/arm-none-eabi/5.3.1/../../../../arm-none-eabi/lib/armv7e-m/fpu\libg.a(lib_a-impure.o)
 .data          0x00000000        0x0 c:/program files (x86)/gnu tools arm embedded/5.3 2016q1/bin/../lib/gcc/arm-none-eabi/5.3.1/../../../../arm-none-eabi/lib/armv7e-m/fpu\libg.a(lib_a-impure.o)
 .bss           0x00000000        0x0 c:/program files (x86)/gnu tools arm embedded/5.3 2016q1/bin/../lib/gcc/arm-none-eabi/5.3.1/../../../../arm-none-eabi/lib/armv7e-m/fpu\libg.a(lib_a-impure.o)
 .rodata._global_impure_ptr
                0x00000000        0x4 c:/program files (x86)/gnu tools arm embedded/5.3 2016q1/bin/../lib/gcc/arm-none-eabi/5.3.1/../../../../arm-none-eabi/lib/armv7e-m/fpu\libg.a(lib_a-impure.o)
 .text          0x00000000        0x0 c:/program files (x86)/gnu tools arm embedded/5.3 2016q1/bin/../lib/gcc/arm-none-eabi/5.3.1/../../../../arm-none-eabi/lib/armv7e-m/fpu\libg.a(lib_a-memset.o)
 .data          0x00000000        0x0 c:/program files (x86)/gnu tools arm embedded/5.3 2016q1/bin/../lib/gcc/arm-none-eabi/5.3.1/../../../../arm-none-eabi/lib/armv7e-m/fpu\libg.a(lib_a-memset.o)
 .bss           0x00000000        0x0 c:/program files (x86)/gnu tools arm embedded/5.3 2016q1/bin/../lib/gcc/arm-none-eabi/5.3.1/../../../../arm-none-eabi/lib/armv7e-m/fpu\libg.a(lib_a-memset.o)
 .text.memset   0x00000000       0x9c c:/program files (x86)/gnu tools arm embedded/5.3 2016q1/bin/../lib/gcc/arm-none-eabi/5.3.1/../../../../arm-none-eabi/lib/armv7e-m/fpu\libg.a(lib_a-memset.o)
 .debug_frame   0x00000000       0x34 c:/program files (x86)/gnu tools arm embedded/5.3 2016q1/bin/../lib/gcc/arm-none-eabi/5.3.1/../../../../arm-none-eabi/lib/armv7e-m/fpu\libg.a(lib_a-memset.o)
 .ARM.attributes
                0x00000000       0x34 c:/program files (x86)/gnu tools arm embedded/5.3 2016q1/bin/../lib/gcc/arm-none-eabi/5.3.1/../../../../arm-none-eabi/lib/armv7e-m/fpu\libg.a(lib_a-memset.o)

Memory Configuration

Name             Origin             Length             Attributes
rom              0x08000000         0x00100000         xr
ram              0x20000000         0x00020000         xrw
ram1             0x10000000         0x00010000         xrw
*default*        0x00000000         0xffffffff

Linker script and memory map

                0x20020000                _eram = 0x20020000

.text           0x08000000     0x5ee4
 *(.isr_vector)
 .isr_vector    0x08000000      0x188 ..\obj\startup_stm32f4xx.o
                0x08000000                g_pfnVectors
 *(.text*)
 .text.arm_mat_inverse_f32
                0x08000188      0x390 ..\obj\arm_mat_inverse_f32.o
                0x08000188                arm_mat_inverse_f32
 .text.arm_mat_add_f32
                0x08000518      0x118 ..\obj\arm_mat_add_f32.o
                0x08000518                arm_mat_add_f32
 .text.init_I2C1
                0x08000630       0x90 ..\obj\i2c.o
                0x08000630                init_I2C1
 .text.I2C_start
                0x080006c0       0x88 ..\obj\i2c.o
                0x080006c0                I2C_start
 .text.I2C_write_ack
                0x08000748       0x58 ..\obj\i2c.o
                0x08000748                I2C_write_ack
 .text.I2C_writeMult_ack
                0x080007a0       0x7c ..\obj\i2c.o
                0x080007a0                I2C_writeMult_ack
 .text.I2C_readMult_ack
                0x0800081c       0xa0 ..\obj\i2c.o
                0x0800081c                I2C_readMult_ack
 .text.I2C_read_nack
                0x080008bc       0x54 ..\obj\i2c.o
                0x080008bc                I2C_read_nack
 .text.NewtonGaussInit
                0x08000910       0xb8 ..\obj\NewtonGauss.o
                0x08000910                NewtonGaussInit
 .text.ApplyNewtonGauss
                0x080009c8     0x1030 ..\obj\NewtonGauss.o
                0x080009c8                ApplyNewtonGauss
 .text.vectMod  0x080019f8       0x78 ..\obj\NewtonGauss.o
                0x080019f8                vectMod
 .text.writeRegister
                0x08001a70       0x38 ..\obj\mpu9250.o
                0x08001a70                writeRegister
 .text.readRegister
                0x08001aa8       0x30 ..\obj\mpu9250.o
                0x08001aa8                readRegister
 .text.writeMultRegister
                0x08001ad8       0x28 ..\obj\mpu9250.o
                0x08001ad8                writeMultRegister
 .text.readMultRegister
                0x08001b00       0x3c ..\obj\mpu9250.o
                0x08001b00                readMultRegister
 .text.mpu9250Init
                0x08001b3c      0x148 ..\obj\mpu9250.o
                0x08001b3c                mpu9250Init
 .text.configAccGyro
                0x08001c84       0xb4 ..\obj\mpu9250.o
                0x08001c84                configAccGyro
 .text.configOffset
                0x08001d38      0x190 ..\obj\mpu9250.o
                0x08001d38                configOffset
 .text.configMag
                0x08001ec8       0x7c ..\obj\mpu9250.o
                0x08001ec8                configMag
 .text.readMag  0x08001f44       0xa0 ..\obj\mpu9250.o
                0x08001f44                readMag
 .text.readMagSmooth
                0x08001fe4      0x180 ..\obj\mpu9250.o
                0x08001fe4                readMagSmooth
 .text.readAcc  0x08002164       0x6c ..\obj\mpu9250.o
                0x08002164                readAcc
 .text.readGyro
                0x080021d0       0x88 ..\obj\mpu9250.o
                0x080021d0                readGyro
 .text.readGyroSmooth
                0x08002258      0x180 ..\obj\mpu9250.o
                0x08002258                readGyroSmooth
 .text.readAccGyro
                0x080023d8       0xc4 ..\obj\mpu9250.o
                0x080023d8                readAccGyro
 .text.readSensors
                0x0800249c       0x24 ..\obj\mpu9250.o
                0x0800249c                readSensors
 .text.readSensorsSmooth
                0x080024c0       0x38 ..\obj\mpu9250.o
                0x080024c0                readSensorsSmooth
 .text.readReference
                0x080024f8       0xa0 ..\obj\mpu9250.o
                0x080024f8                readReference
 .text.data2measure
                0x08002598      0x670 ..\obj\mpu9250.o
                0x08002598                data2measure
 .text.updatePrevMeasure
                0x08002c08       0x74 ..\obj\mpu9250.o
                0x08002c08                updatePrevMeasure
 .text.intGyro  0x08002c7c       0xbc ..\obj\mpu9250.o
                0x08002c7c                intGyro
 .text.USART_Init
                0x08002d38      0x174 ..\obj\stm32f4xx_usart.o
                0x08002d38                USART_Init
 .text.USART_Cmd
                0x08002eac       0x40 ..\obj\stm32f4xx_usart.o
                0x08002eac                USART_Cmd
 .text.USART_SendData
                0x08002eec       0x20 ..\obj\stm32f4xx_usart.o
                0x08002eec                USART_SendData
 .text.USART_GetFlagStatus
                0x08002f0c       0x38 ..\obj\stm32f4xx_usart.o
                0x08002f0c                USART_GetFlagStatus
 .text.Default_Reset_Handler
                0x08002f44       0x6c ..\obj\startup_stm32f4xx.o
                0x08002f44                Default_Reset_Handler
                0x08002f44                Reset_Handler
 .text.Default_Handler
                0x08002fb0        0x8 ..\obj\startup_stm32f4xx.o
                0x08002fb0                RTC_Alarm_IRQHandler
                0x08002fb0                HASH_RNG_IRQHandler
                0x08002fb0                EXTI2_IRQHandler
                0x08002fb0                TIM8_CC_IRQHandler
                0x08002fb0                DebugMon_Handler
                0x08002fb0                TIM1_CC_IRQHandler
                0x08002fb0                DMA2_Stream5_IRQHandler
                0x08002fb0                HardFault_Handler
                0x08002fb0                DMA1_Stream5_IRQHandler
                0x08002fb0                PVD_IRQHandler
                0x08002fb0                SDIO_IRQHandler
                0x08002fb0                TAMP_STAMP_IRQHandler
                0x08002fb0                PendSV_Handler
                0x08002fb0                NMI_Handler
                0x08002fb0                CAN2_RX1_IRQHandler
                0x08002fb0                EXTI3_IRQHandler
                0x08002fb0                TIM8_TRG_COM_TIM14_IRQHandler
                0x08002fb0                TIM1_UP_TIM10_IRQHandler
                0x08002fb0                TIM8_UP_TIM13_IRQHandler
                0x08002fb0                I2C3_ER_IRQHandler
                0x08002fb0                EXTI0_IRQHandler
                0x08002fb0                I2C2_EV_IRQHandler
                0x08002fb0                DMA1_Stream2_IRQHandler
                0x08002fb0                CAN1_RX0_IRQHandler
                0x08002fb0                FPU_IRQHandler
                0x08002fb0                OTG_HS_WKUP_IRQHandler
                0x08002fb0                UsageFault_Handler
                0x08002fb0                CAN2_SCE_IRQHandler
                0x08002fb0                DMA2_Stream2_IRQHandler
                0x08002fb0                SPI1_IRQHandler
                0x08002fb0                TIM6_DAC_IRQHandler
                0x08002fb0                TIM1_BRK_TIM9_IRQHandler
                0x08002fb0                DCMI_IRQHandler
                0x08002fb0                CAN2_RX0_IRQHandler
                0x08002fb0                DMA2_Stream3_IRQHandler
                0x08002fb0                USART6_IRQHandler
                0x08002fb0                USART3_IRQHandler
                0x08002fb0                CRYP_IRQHandler
                0x08002fb0                CAN1_RX1_IRQHandler
                0x08002fb0                UART5_IRQHandler
                0x08002fb0                DMA2_Stream0_IRQHandler
                0x08002fb0                TIM4_IRQHandler
                0x08002fb0                I2C1_EV_IRQHandler
                0x08002fb0                DMA1_Stream6_IRQHandler
                0x08002fb0                DMA1_Stream1_IRQHandler
                0x08002fb0                UART4_IRQHandler
                0x08002fb0                TIM3_IRQHandler
                0x08002fb0                RCC_IRQHandler
                0x08002fb0                TIM8_BRK_TIM12_IRQHandler
                0x08002fb0                EXTI15_10_IRQHandler
                0x08002fb0                ADC_IRQHandler
                0x08002fb0                DMA1_Stream7_IRQHandler
                0x08002fb0                TIM7_IRQHandler
                0x08002fb0                CAN2_TX_IRQHandler
                0x08002fb0                TIM5_IRQHandler
                0x08002fb0                DMA2_Stream7_IRQHandler
                0x08002fb0                I2C3_EV_IRQHandler
                0x08002fb0                EXTI9_5_IRQHandler
                0x08002fb0                RTC_WKUP_IRQHandler
                0x08002fb0                ETH_WKUP_IRQHandler
                0x08002fb0                SPI2_IRQHandler
                0x08002fb0                OTG_HS_EP1_IN_IRQHandler
                0x08002fb0                MemManage_Handler
                0x08002fb0                DMA1_Stream0_IRQHandler
                0x08002fb0                CAN1_TX_IRQHandler
                0x08002fb0                SVC_Handler
                0x08002fb0                EXTI4_IRQHandler
                0x08002fb0                FSMC_IRQHandler
                0x08002fb0                ETH_IRQHandler
                0x08002fb0                OTG_HS_EP1_OUT_IRQHandler
                0x08002fb0                WWDG_IRQHandler
                0x08002fb0                TIM2_IRQHandler
                0x08002fb0                OTG_FS_WKUP_IRQHandler
                0x08002fb0                TIM1_TRG_COM_TIM11_IRQHandler
                0x08002fb0                OTG_HS_IRQHandler
                0x08002fb0                EXTI1_IRQHandler
                0x08002fb0                USART2_IRQHandler
                0x08002fb0                I2C2_ER_IRQHandler
                0x08002fb0                DMA2_Stream1_IRQHandler
                0x08002fb0                CAN1_SCE_IRQHandler
                0x08002fb0                FLASH_IRQHandler
                0x08002fb0                DMA2_Stream4_IRQHandler
                0x08002fb0                BusFault_Handler
                0x08002fb0                USART1_IRQHandler
                0x08002fb0                OTG_FS_IRQHandler
                0x08002fb0                SPI3_IRQHandler
                0x08002fb0                DMA1_Stream4_IRQHandler
                0x08002fb0                I2C1_ER_IRQHandler
                0x08002fb0                DMA2_Stream6_IRQHandler
                0x08002fb0                DMA1_Stream3_IRQHandler
 .text.arm_mat_init_f32
                0x08002fb8       0x30 ..\obj\arm_mat_init_f32.o
                0x08002fb8                arm_mat_init_f32
 .text.NVIC_SetPriority
                0x08002fe8       0x54 ..\obj\main.o
 .text.SysTick_Config
                0x0800303c       0x44 ..\obj\main.o
 .text.main     0x08003080      0x33c ..\obj\main.o
                0x08003080                main
 .text.Delay    0x080033bc       0x24 ..\obj\main.o
                0x080033bc                Delay
 .text.SysTick_Handler
                0x080033e0       0x50 ..\obj\main.o
                0x080033e0                SysTick_Handler
 .text.Quat2YPR
                0x08003430      0x280 ..\obj\main.o
                0x08003430                Quat2YPR
 .text.RCC_GetClocksFreq
                0x080036b0      0x154 ..\obj\stm32f4xx_rcc.o
                0x080036b0                RCC_GetClocksFreq
 .text.RCC_AHB1PeriphClockCmd
                0x08003804       0x40 ..\obj\stm32f4xx_rcc.o
                0x08003804                RCC_AHB1PeriphClockCmd
 .text.RCC_APB1PeriphClockCmd
                0x08003844       0x40 ..\obj\stm32f4xx_rcc.o
                0x08003844                RCC_APB1PeriphClockCmd
 .text.RCC_APB2PeriphClockCmd
                0x08003884       0x40 ..\obj\stm32f4xx_rcc.o
                0x08003884                RCC_APB2PeriphClockCmd
 .text.GPIO_Init
                0x080038c4      0x11c ..\obj\stm32f4xx_gpio.o
                0x080038c4                GPIO_Init
 .text.GPIO_PinAFConfig
                0x080039e0       0x94 ..\obj\stm32f4xx_gpio.o
                0x080039e0                GPIO_PinAFConfig
 .text.arm_mat_sub_f32
                0x08003a74      0x14c ..\obj\arm_mat_sub_f32.o
                0x08003a74                arm_mat_sub_f32
 .text.arm_mat_trans_f32
                0x08003bc0       0xf4 ..\obj\arm_mat_trans_f32.o
                0x08003bc0                arm_mat_trans_f32
 .text.arm_mat_scale_f32
                0x08003cb4       0xf4 ..\obj\arm_mat_scale_f32.o
                0x08003cb4                arm_mat_scale_f32
 .text.I2C_Init
                0x08003da8      0x184 ..\obj\stm32f4xx_i2c.o
                0x08003da8                I2C_Init
 .text.I2C_Cmd  0x08003f2c       0x40 ..\obj\stm32f4xx_i2c.o
                0x08003f2c                I2C_Cmd
 .text.I2C_GenerateSTART
                0x08003f6c       0x40 ..\obj\stm32f4xx_i2c.o
                0x08003f6c                I2C_GenerateSTART
 .text.I2C_GenerateSTOP
                0x08003fac       0x40 ..\obj\stm32f4xx_i2c.o
                0x08003fac                I2C_GenerateSTOP
 .text.I2C_Send7bitAddress
                0x08003fec       0x3c ..\obj\stm32f4xx_i2c.o
                0x08003fec                I2C_Send7bitAddress
 .text.I2C_AcknowledgeConfig
                0x08004028       0x40 ..\obj\stm32f4xx_i2c.o
                0x08004028                I2C_AcknowledgeConfig
 .text.I2C_SendData
                0x08004068       0x20 ..\obj\stm32f4xx_i2c.o
                0x08004068                I2C_SendData
 .text.I2C_ReceiveData
                0x08004088       0x1c ..\obj\stm32f4xx_i2c.o
                0x08004088                I2C_ReceiveData
 .text.I2C_CheckEvent
                0x080040a4       0x60 ..\obj\stm32f4xx_i2c.o
                0x080040a4                I2C_CheckEvent
 .text.I2C_GetFlagStatus
                0x08004104       0x68 ..\obj\stm32f4xx_i2c.o
                0x08004104                I2C_GetFlagStatus
 .text.KalmanInit
                0x0800416c      0x2b8 ..\obj\Kalman.o
                0x0800416c                KalmanInit
 .text.ApplyKalmanFilter
                0x08004424      0x650 ..\obj\Kalman.o
                0x08004424                ApplyKalmanFilter
 .text.vectModK
                0x08004a74       0x78 ..\obj\Kalman.o
                0x08004a74                vectModK
 .text.updateMatValueK
                0x08004aec       0x50 ..\obj\Kalman.o
                0x08004aec                updateMatValueK
 .text.arm_mat_mult_f32
                0x08004b3c      0x1bc ..\obj\arm_mat_mult_f32.o
                0x08004b3c                arm_mat_mult_f32
 .text.init_USART6
                0x08004cf8       0x8c ..\obj\usart.o
                0x08004cf8                init_USART6
 .text.USART_sendManyFloat_word8
                0x08004d84       0x70 ..\obj\usart.o
                0x08004d84                USART_sendManyFloat_word8
 .text.atan2    0x08004df4        0x4 c:/program files (x86)/gnu tools arm embedded/5.3 2016q1/bin/../lib/gcc/arm-none-eabi/5.3.1/../../../../arm-none-eabi/lib/armv7e-m/fpu\libm.a(lib_a-w_atan2.o)
                0x08004df4                atan2
 .text.sqrtf    0x08004df8       0xac c:/program files (x86)/gnu tools arm embedded/5.3 2016q1/bin/../lib/gcc/arm-none-eabi/5.3.1/../../../../arm-none-eabi/lib/armv7e-m/fpu\libm.a(lib_a-wf_sqrt.o)
                0x08004df8                sqrtf
 *fill*         0x08004ea4        0x4 
 .text.__ieee754_atan2
                0x08004ea8      0x1ec c:/program files (x86)/gnu tools arm embedded/5.3 2016q1/bin/../lib/gcc/arm-none-eabi/5.3.1/../../../../arm-none-eabi/lib/armv7e-m/fpu\libm.a(lib_a-e_atan2.o)
                0x08004ea8                __ieee754_atan2
 .text.__ieee754_sqrtf
                0x08005094       0xa4 c:/program files (x86)/gnu tools arm embedded/5.3 2016q1/bin/../lib/gcc/arm-none-eabi/5.3.1/../../../../arm-none-eabi/lib/armv7e-m/fpu\libm.a(lib_a-ef_sqrt.o)
                0x08005094                __ieee754_sqrtf
 .text.atan     0x08005138      0x378 c:/program files (x86)/gnu tools arm embedded/5.3 2016q1/bin/../lib/gcc/arm-none-eabi/5.3.1/../../../../arm-none-eabi/lib/armv7e-m/fpu\libm.a(lib_a-s_atan.o)
                0x08005138                atan
 .text.fabs     0x080054b0       0x10 c:/program files (x86)/gnu tools arm embedded/5.3 2016q1/bin/../lib/gcc/arm-none-eabi/5.3.1/../../../../arm-none-eabi/lib/armv7e-m/fpu\libm.a(lib_a-s_fabs.o)
                0x080054b0                fabs
 .text.matherr  0x080054c0        0x4 c:/program files (x86)/gnu tools arm embedded/5.3 2016q1/bin/../lib/gcc/arm-none-eabi/5.3.1/../../../../arm-none-eabi/lib/armv7e-m/fpu\libm.a(lib_a-s_matherr.o)
                0x080054c0                matherr
 .text          0x080054c4      0x370 c:/program files (x86)/gnu tools arm embedded/5.3 2016q1/bin/../lib/gcc/arm-none-eabi/5.3.1/armv7e-m/fpu\libgcc.a(_arm_addsubdf3.o)
                0x080054c4                __aeabi_drsub
                0x080054cc                __aeabi_dsub
                0x080054cc                __subdf3
                0x080054d0                __aeabi_dadd
                0x080054d0                __adddf3
                0x08005748                __floatunsidf
                0x08005748                __aeabi_ui2d
                0x08005768                __floatsidf
                0x08005768                __aeabi_i2d
                0x0800578c                __aeabi_f2d
                0x0800578c                __extendsfdf2
                0x080057c8                __floatundidf
                0x080057c8                __aeabi_ul2d
                0x080057d8                __floatdidf
                0x080057d8                __aeabi_l2d
 .text          0x08005834      0x424 c:/program files (x86)/gnu tools arm embedded/5.3 2016q1/bin/../lib/gcc/arm-none-eabi/5.3.1/armv7e-m/fpu\libgcc.a(_arm_muldivdf3.o)
                0x08005834                __aeabi_dmul
                0x08005834                __muldf3
                0x08005a88                __divdf3
                0x08005a88                __aeabi_ddiv
 .text          0x08005c58      0x110 c:/program files (x86)/gnu tools arm embedded/5.3 2016q1/bin/../lib/gcc/arm-none-eabi/5.3.1/armv7e-m/fpu\libgcc.a(_arm_cmpdf2.o)
                0x08005c58                __gtdf2
                0x08005c58                __gedf2
                0x08005c60                __ltdf2
                0x08005c60                __ledf2
                0x08005c68                __nedf2
                0x08005c68                __eqdf2
                0x08005c68                __cmpdf2
                0x08005ce4                __aeabi_cdrcmple
                0x08005cf4                __aeabi_cdcmpeq
                0x08005cf4                __aeabi_cdcmple
                0x08005d04                __aeabi_dcmpeq
                0x08005d18                __aeabi_dcmplt
                0x08005d2c                __aeabi_dcmple
                0x08005d40                __aeabi_dcmpge
                0x08005d54                __aeabi_dcmpgt
 .text          0x08005d68       0xa0 c:/program files (x86)/gnu tools arm embedded/5.3 2016q1/bin/../lib/gcc/arm-none-eabi/5.3.1/armv7e-m/fpu\libgcc.a(_arm_truncdfsf2.o)
                0x08005d68                __truncdfsf2
                0x08005d68                __aeabi_d2f
 .text.__errno  0x08005e08        0xc c:/program files (x86)/gnu tools arm embedded/5.3 2016q1/bin/../lib/gcc/arm-none-eabi/5.3.1/../../../../arm-none-eabi/lib/armv7e-m/fpu\libg.a(lib_a-errno.o)
                0x08005e08                __errno
 *(.init)
 *(.fini)
 *crtbegin.o(.ctors)
 *crtbegin?.o(.ctors)
 *(EXCLUDE_FILE(*crtend.o *crtend?.o) .ctors)
 *(SORT(.ctors.*))
 *(.ctors)
 *crtbegin.o(.dtors)
 *crtbegin?.o(.dtors)
 *(EXCLUDE_FILE(*crtend.o *crtend?.o) .dtors)
 *(SORT(.dtors.*))
 *(.dtors)
 *(.rodata*)
 .rodata        0x08005e14       0x40 ..\obj\mpu9250.o
 .rodata        0x08005e54       0x40 ..\obj\main.o
 .rodata.str1.4
                0x08005e94        0x6 c:/program files (x86)/gnu tools arm embedded/5.3 2016q1/bin/../lib/gcc/arm-none-eabi/5.3.1/../../../../arm-none-eabi/lib/armv7e-m/fpu\libm.a(lib_a-wf_sqrt.o)
 *fill*         0x08005e9a        0x6 
 .rodata.atanlo
                0x08005ea0       0x20 c:/program files (x86)/gnu tools arm embedded/5.3 2016q1/bin/../lib/gcc/arm-none-eabi/5.3.1/../../../../arm-none-eabi/lib/armv7e-m/fpu\libm.a(lib_a-s_atan.o)
 .rodata.atanhi
                0x08005ec0       0x20 c:/program files (x86)/gnu tools arm embedded/5.3 2016q1/bin/../lib/gcc/arm-none-eabi/5.3.1/../../../../arm-none-eabi/lib/armv7e-m/fpu\libm.a(lib_a-s_atan.o)
 .rodata.str1.4
                0x08005ee0        0x4 c:/program files (x86)/gnu tools arm embedded/5.3 2016q1/bin/../lib/gcc/arm-none-eabi/5.3.1/../../../../arm-none-eabi/lib/armv7e-m/fpu\libg.a(lib_a-impure.o)
                                  0x2 (size before relaxing)
 *(.eh_fram e*)

.glue_7         0x08005ee4        0x0
 .glue_7        0x08005ee4        0x0 linker stubs

.glue_7t        0x08005ee4        0x0
 .glue_7t       0x08005ee4        0x0 linker stubs

.vfp11_veneer   0x08005ee4        0x0
 .vfp11_veneer  0x08005ee4        0x0 linker stubs

.v4_bx          0x08005ee4        0x0
 .v4_bx         0x08005ee4        0x0 linker stubs

.iplt           0x08005ee4        0x0
 .iplt          0x08005ee4        0x0 ..\obj\arm_mat_inverse_f32.o

.rel.dyn        0x08005ee4        0x0
 .rel.iplt      0x08005ee4        0x0 ..\obj\arm_mat_inverse_f32.o

.ARM.extab
 *(.ARM.extab* .gnu.linkonce.armextab.*)
                0x08005ee4                __exidx_start = .

.ARM.exidx
 *(.ARM.exidx* .gnu.linkonce.armexidx.*)
                0x08005ee4                __exidx_end = .
                0x08005ee4                __etext = .
                0x08005ee4                _sidata = __etext

.data           0x20000000      0x454 load address 0x08005ee4
                0x20000000                __data_start__ = .
                0x20000000                _sdata = __data_start__
 *(vtable)
 *(.data*)
 .data          0x20000000       0x10 ..\obj\stm32f4xx_rcc.o
 .data          0x20000010       0x14 ..\obj\system_stm32f4xx.o
                0x20000010                SystemCoreClock
                0x20000014                AHBPrescTable
 .data.__fdlib_version
                0x20000024        0x1 c:/program files (x86)/gnu tools arm embedded/5.3 2016q1/bin/../lib/gcc/arm-none-eabi/5.3.1/../../../../arm-none-eabi/lib/armv7e-m/fpu\libm.a(lib_a-s_lib_ver.o)
                0x20000024                __fdlib_version
 *fill*         0x20000025        0x3 
 .data.impure_data
                0x20000028      0x428 c:/program files (x86)/gnu tools arm embedded/5.3 2016q1/bin/../lib/gcc/arm-none-eabi/5.3.1/../../../../arm-none-eabi/lib/armv7e-m/fpu\libg.a(lib_a-impure.o)
 .data._impure_ptr
                0x20000450        0x4 c:/program files (x86)/gnu tools arm embedded/5.3 2016q1/bin/../lib/gcc/arm-none-eabi/5.3.1/../../../../arm-none-eabi/lib/armv7e-m/fpu\libg.a(lib_a-impure.o)
                0x20000450                _impure_ptr
                0x20000454                . = ALIGN (0x4)
                [!provide]                PROVIDE (__preinit_array_start, .)
 *(.preinit_array)
                [!provide]                PROVIDE (__preinit_array_end, .)
                0x20000454                . = ALIGN (0x4)
                [!provide]                PROVIDE (__init_array_start, .)
 *(SORT(.init_array.*))
 *(.init_array)
                [!provide]                PROVIDE (__init_array_end, .)
                0x20000454                . = ALIGN (0x4)
                [!provide]                PROVIDE (__fini_array_start, .)
 *(SORT(.fini_array.*))
 *(.fini_array)
                [!provide]                PROVIDE (__fini_array_end, .)
 *(.jcr*)
                0x20000454                . = ALIGN (0x4)
                0x20000454                __data_end__ = .
                0x20000454                _edata = __data_end__

.igot.plt       0x20000454        0x0 load address 0x08006338
 .igot.plt      0x20000454        0x0 ..\obj\arm_mat_inverse_f32.o

.bss            0x20000454        0x8 load address 0x08006338
                0x20000454                . = ALIGN (0x4)
                0x20000454                __bss_start__ = .
                0x20000454                _sbss = __bss_start__
 *(.bss*)
 *(COMMON)
 COMMON         0x20000454        0x8 ..\obj\mpu9250.o
                0x20000454                TimingDelay
                0x20000458                msTicks
                0x2000045c                . = ALIGN (0x4)
                0x2000045c                __bss_end__ = .
                0x2000045c                _ebss = __bss_end__

.heap           0x2000045c        0x0
                0x2000045c                __end__ = .
                0x2000045c                _end = __end__
                0x2000045c                end = __end__
 *(.heap*)
                0x2000045c                __HeapLimit = .

.co_stack       0x2000045c      0x804 load address 0x08006340
                0x20000460                . = ALIGN (0x8)
 *fill*         0x2000045c        0x4 
 *(.co_stack .co_stack.*)
 .co_stack      0x20000460      0x800 ..\obj\startup_stm32f4xx.o
                0x20000460                pulStack
                0x20020000                __StackTop = (ORIGIN (ram) + LENGTH (ram))
                0x2001f7fc                __StackLimit = (__StackTop - SIZEOF (.co_stack))
                [!provide]                PROVIDE (__stack, __StackTop)
                0x00000001                ASSERT ((__StackLimit >= __HeapLimit), region ram  overflowed with stack)
LOAD ..\obj\arm_mat_inverse_f32.o
LOAD ..\obj\arm_mat_add_f32.o
LOAD ..\obj\i2c.o
LOAD ..\obj\NewtonGauss.o
LOAD ..\obj\mpu9250.o
LOAD ..\obj\stm32f4xx_usart.o
LOAD ..\obj\arm_mat_mult_q31.o
LOAD ..\obj\arm_mat_add_q31.o
LOAD ..\obj\startup_stm32f4xx.o
LOAD ..\obj\arm_mat_init_q15.o
LOAD ..\obj\arm_mat_init_f32.o
LOAD ..\obj\main.o
LOAD ..\obj\stm32f4xx_rcc.o
LOAD ..\obj\arm_mat_init_q31.o
LOAD ..\obj\stm32f4xx_gpio.o
LOAD ..\obj\system_stm32f4xx.o
LOAD ..\obj\syscalls.o
LOAD ..\obj\arm_mat_sub_q15.o
LOAD ..\obj\arm_mat_trans_q15.o
LOAD ..\obj\arm_mat_mult_fast_q15.o
LOAD ..\obj\arm_mat_scale_q15.o
LOAD ..\obj\arm_mat_sub_f32.o
LOAD ..\obj\arm_mat_trans_f32.o
LOAD ..\obj\arm_mat_scale_f32.o
LOAD ..\obj\stm32f4xx_i2c.o
LOAD ..\obj\Kalman.o
LOAD ..\obj\misc.o
LOAD ..\obj\arm_mat_mult_q15.o
LOAD ..\obj\arm_mat_trans_q31.o
LOAD ..\obj\arm_mat_sub_q31.o
LOAD ..\obj\stm32f4xx_tim.o
LOAD ..\obj\arm_mat_mult_fast_q31.o
LOAD ..\obj\arm_mat_scale_q31.o
LOAD ..\obj\arm_mat_mult_f32.o
LOAD ..\obj\usart.o
LOAD ..\obj\arm_mat_add_q15.o
LOAD c:/program files (x86)/gnu tools arm embedded/5.3 2016q1/bin/../lib/gcc/arm-none-eabi/5.3.1/../../../../arm-none-eabi/lib/armv7e-m/fpu\libm.a
START GROUP
LOAD c:/program files (x86)/gnu tools arm embedded/5.3 2016q1/bin/../lib/gcc/arm-none-eabi/5.3.1/armv7e-m/fpu\libgcc.a
LOAD c:/program files (x86)/gnu tools arm embedded/5.3 2016q1/bin/../lib/gcc/arm-none-eabi/5.3.1/../../../../arm-none-eabi/lib/armv7e-m/fpu\libg.a
LOAD c:/program files (x86)/gnu tools arm embedded/5.3 2016q1/bin/../lib/gcc/arm-none-eabi/5.3.1/../../../../arm-none-eabi/lib/armv7e-m/fpu\libc.a
END GROUP
OUTPUT(KalmanC.elf elf32-littlearm)

.debug_info     0x00000000     0x6d59
 .debug_info    0x00000000      0x2d5 ..\obj\arm_mat_inverse_f32.o
 .debug_info    0x000002d5      0x1f3 ..\obj\arm_mat_add_f32.o
 .debug_info    0x000004c8      0x690 ..\obj\i2c.o
 .debug_info    0x00000b58      0x515 ..\obj\NewtonGauss.o
 .debug_info    0x0000106d      0xc8e ..\obj\mpu9250.o
 .debug_info    0x00001cfb      0x9ca ..\obj\stm32f4xx_usart.o
 .debug_info    0x000026c5       0xf2 ..\obj\startup_stm32f4xx.o
 .debug_info    0x000027b7      0x142 ..\obj\arm_mat_init_f32.o
 .debug_info    0x000028f9      0xd61 ..\obj\main.o
 .debug_info    0x0000365a      0xc63 ..\obj\stm32f4xx_rcc.o
 .debug_info    0x000042bd      0x61a ..\obj\stm32f4xx_gpio.o
 .debug_info    0x000048d7      0x5c5 ..\obj\system_stm32f4xx.o
 .debug_info    0x00004e9c      0x1f3 ..\obj\arm_mat_sub_f32.o
 .debug_info    0x0000508f      0x1f6 ..\obj\arm_mat_trans_f32.o
 .debug_info    0x00005285      0x1e5 ..\obj\arm_mat_scale_f32.o
 .debug_info    0x0000546a      0xb00 ..\obj\stm32f4xx_i2c.o
 .debug_info    0x00005f6a      0x5cb ..\obj\Kalman.o
 .debug_info    0x00006535      0x257 ..\obj\arm_mat_mult_f32.o
 .debug_info    0x0000678c      0x5cd ..\obj\usart.o

.debug_abbrev   0x00000000     0x1764
 .debug_abbrev  0x00000000       0xd8 ..\obj\arm_mat_inverse_f32.o
 .debug_abbrev  0x000000d8       0xc9 ..\obj\arm_mat_add_f32.o
 .debug_abbrev  0x000001a1      0x15e ..\obj\i2c.o
 .debug_abbrev  0x000002ff      0x137 ..\obj\NewtonGauss.o
 .debug_abbrev  0x00000436      0x208 ..\obj\mpu9250.o
 .debug_abbrev  0x0000063e      0x157 ..\obj\stm32f4xx_usart.o
 .debug_abbrev  0x00000795       0xb0 ..\obj\startup_stm32f4xx.o
 .debug_abbrev  0x00000845       0x9f ..\obj\arm_mat_init_f32.o
 .debug_abbrev  0x000008e4      0x260 ..\obj\main.o
 .debug_abbrev  0x00000b44      0x1e5 ..\obj\stm32f4xx_rcc.o
 .debug_abbrev  0x00000d29      0x1a7 ..\obj\stm32f4xx_gpio.o
 .debug_abbrev  0x00000ed0      0x138 ..\obj\system_stm32f4xx.o
 .debug_abbrev  0x00001008       0xc9 ..\obj\arm_mat_sub_f32.o
 .debug_abbrev  0x000010d1       0xd8 ..\obj\arm_mat_trans_f32.o
 .debug_abbrev  0x000011a9       0xd8 ..\obj\arm_mat_scale_f32.o
 .debug_abbrev  0x00001281      0x166 ..\obj\stm32f4xx_i2c.o
 .debug_abbrev  0x000013e7      0x151 ..\obj\Kalman.o
 .debug_abbrev  0x00001538       0xd8 ..\obj\arm_mat_mult_f32.o
 .debug_abbrev  0x00001610      0x154 ..\obj\usart.o

.debug_aranges  0x00000000      0x778
 .debug_aranges
                0x00000000       0x20 ..\obj\arm_mat_inverse_f32.o
 .debug_aranges
                0x00000020       0x20 ..\obj\arm_mat_add_f32.o
 .debug_aranges
                0x00000040       0x58 ..\obj\i2c.o
 .debug_aranges
                0x00000098       0x30 ..\obj\NewtonGauss.o
 .debug_aranges
                0x000000c8       0xc0 ..\obj\mpu9250.o
 .debug_aranges
                0x00000188      0x100 ..\obj\stm32f4xx_usart.o
 .debug_aranges
                0x00000288       0x28 ..\obj\startup_stm32f4xx.o
 .debug_aranges
                0x000002b0       0x20 ..\obj\arm_mat_init_f32.o
 .debug_aranges
                0x000002d0       0x58 ..\obj\main.o
 .debug_aranges
                0x00000328      0x178 ..\obj\stm32f4xx_rcc.o
 .debug_aranges
                0x000004a0       0x88 ..\obj\stm32f4xx_gpio.o
 .debug_aranges
                0x00000528       0x30 ..\obj\system_stm32f4xx.o
 .debug_aranges
                0x00000558       0x20 ..\obj\arm_mat_sub_f32.o
 .debug_aranges
                0x00000578       0x20 ..\obj\arm_mat_trans_f32.o
 .debug_aranges
                0x00000598       0x20 ..\obj\arm_mat_scale_f32.o
 .debug_aranges
                0x000005b8      0x120 ..\obj\stm32f4xx_i2c.o
 .debug_aranges
                0x000006d8       0x38 ..\obj\Kalman.o
 .debug_aranges
                0x00000710       0x20 ..\obj\arm_mat_mult_f32.o
 .debug_aranges
                0x00000730       0x48 ..\obj\usart.o

.debug_ranges   0x00000000      0x648
 .debug_ranges  0x00000000       0x10 ..\obj\arm_mat_inverse_f32.o
 .debug_ranges  0x00000010       0x10 ..\obj\arm_mat_add_f32.o
 .debug_ranges  0x00000020       0x48 ..\obj\i2c.o
 .debug_ranges  0x00000068       0x20 ..\obj\NewtonGauss.o
 .debug_ranges  0x00000088       0xb0 ..\obj\mpu9250.o
 .debug_ranges  0x00000138       0xf0 ..\obj\stm32f4xx_usart.o
 .debug_ranges  0x00000228       0x18 ..\obj\startup_stm32f4xx.o
 .debug_ranges  0x00000240       0x10 ..\obj\arm_mat_init_f32.o
 .debug_ranges  0x00000250       0x48 ..\obj\main.o
 .debug_ranges  0x00000298      0x168 ..\obj\stm32f4xx_rcc.o
 .debug_ranges  0x00000400       0x78 ..\obj\stm32f4xx_gpio.o
 .debug_ranges  0x00000478       0x20 ..\obj\system_stm32f4xx.o
 .debug_ranges  0x00000498       0x10 ..\obj\arm_mat_sub_f32.o
 .debug_ranges  0x000004a8       0x10 ..\obj\arm_mat_trans_f32.o
 .debug_ranges  0x000004b8       0x10 ..\obj\arm_mat_scale_f32.o
 .debug_ranges  0x000004c8      0x110 ..\obj\stm32f4xx_i2c.o
 .debug_ranges  0x000005d8       0x28 ..\obj\Kalman.o
 .debug_ranges  0x00000600       0x10 ..\obj\arm_mat_mult_f32.o
 .debug_ranges  0x00000610       0x38 ..\obj\usart.o

.debug_line     0x00000000     0x437f
 .debug_line    0x00000000      0x2b0 ..\obj\arm_mat_inverse_f32.o
 .debug_line    0x000002b0      0x21b ..\obj\arm_mat_add_f32.o
 .debug_line    0x000004cb      0x3ed ..\obj\i2c.o
 .debug_line    0x000008b8      0x3af ..\obj\NewtonGauss.o
 .debug_line    0x00000c67      0x73a ..\obj\mpu9250.o
 .debug_line    0x000013a1      0x569 ..\obj\stm32f4xx_usart.o
 .debug_line    0x0000190a       0xc5 ..\obj\startup_stm32f4xx.o
 .debug_line    0x000019cf      0x1fb ..\obj\arm_mat_init_f32.o
 .debug_line    0x00001bca      0x4b3 ..\obj\main.o
 .debug_line    0x0000207d      0x655 ..\obj\stm32f4xx_rcc.o
 .debug_line    0x000026d2      0x410 ..\obj\stm32f4xx_gpio.o
 .debug_line    0x00002ae2      0x24a ..\obj\system_stm32f4xx.o
 .debug_line    0x00002d2c      0x22a ..\obj\arm_mat_sub_f32.o
 .debug_line    0x00002f56      0x220 ..\obj\arm_mat_trans_f32.o
 .debug_line    0x00003176      0x217 ..\obj\arm_mat_scale_f32.o
 .debug_line    0x0000338d      0x59b ..\obj\stm32f4xx_i2c.o
 .debug_line    0x00003928      0x423 ..\obj\Kalman.o
 .debug_line    0x00003d4b      0x230 ..\obj\arm_mat_mult_f32.o
 .debug_line    0x00003f7b      0x404 ..\obj\usart.o

.debug_str      0x00000000     0x2a9f
 .debug_str     0x00000000      0x2e8 ..\obj\arm_mat_inverse_f32.o
                                0x34c (size before relaxing)
 .debug_str     0x000002e8       0xb7 ..\obj\arm_mat_add_f32.o
                                0x30b (size before relaxing)
 .debug_str     0x0000039f      0x3b9 ..\obj\i2c.o
                                0x522 (size before relaxing)
 .debug_str     0x00000758      0x1f7 ..\obj\NewtonGauss.o
                                0x39f (size before relaxing)
 .debug_str     0x0000094f      0x324 ..\obj\mpu9250.o
                                0x592 (size before relaxing)
 .debug_str     0x00000c73      0x4d7 ..\obj\stm32f4xx_usart.o
                                0x6d6 (size before relaxing)
 .debug_str     0x0000114a       0xd4 ..\obj\startup_stm32f4xx.o
                                0x18e (size before relaxing)
 .debug_str     0x0000121e       0xa0 ..\obj\arm_mat_init_f32.o
                                0x236 (size before relaxing)
 .debug_str     0x000012be      0x6f1 ..\obj\main.o
                                0xaef (size before relaxing)
 .debug_str     0x000019af      0x5f9 ..\obj\stm32f4xx_rcc.o
                                0x897 (size before relaxing)
 .debug_str     0x00001fa8      0x1b7 ..\obj\stm32f4xx_gpio.o
                                0x4ea (size before relaxing)
 .debug_str     0x0000215f       0xd8 ..\obj\system_stm32f4xx.o
                                0x3f1 (size before relaxing)
 .debug_str     0x00002237       0x8f ..\obj\arm_mat_sub_f32.o
                                0x30b (size before relaxing)
 .debug_str     0x000022c6       0x93 ..\obj\arm_mat_trans_f32.o
                                0x2ee (size before relaxing)
 .debug_str     0x00002359       0x99 ..\obj\arm_mat_scale_f32.o
                                0x304 (size before relaxing)
 .debug_str     0x000023f2      0x364 ..\obj\stm32f4xx_i2c.o
                                0x6ac (size before relaxing)
 .debug_str     0x00002756      0x19b ..\obj\Kalman.o
                                0x3f5 (size before relaxing)
 .debug_str     0x000028f1       0xb8 ..\obj\arm_mat_mult_f32.o
                                0x30e (size before relaxing)
 .debug_str     0x000029a9       0xf6 ..\obj\usart.o
                                0x534 (size before relaxing)

.comment        0x00000000       0x6e
 .comment       0x00000000       0x6e ..\obj\arm_mat_inverse_f32.o
                                 0x6f (size before relaxing)
 .comment       0x0000006e       0x6f ..\obj\arm_mat_add_f32.o
 .comment       0x0000006e       0x6f ..\obj\i2c.o
 .comment       0x0000006e       0x6f ..\obj\NewtonGauss.o
 .comment       0x0000006e       0x6f ..\obj\mpu9250.o
 .comment       0x0000006e       0x6f ..\obj\stm32f4xx_usart.o
 .comment       0x0000006e       0x6f ..\obj\startup_stm32f4xx.o
 .comment       0x0000006e       0x6f ..\obj\arm_mat_init_f32.o
 .comment       0x0000006e       0x6f ..\obj\main.o
 .comment       0x0000006e       0x6f ..\obj\stm32f4xx_rcc.o
 .comment       0x0000006e       0x6f ..\obj\stm32f4xx_gpio.o
 .comment       0x0000006e       0x6f ..\obj\system_stm32f4xx.o
 .comment       0x0000006e       0x6f ..\obj\arm_mat_sub_f32.o
 .comment       0x0000006e       0x6f ..\obj\arm_mat_trans_f32.o
 .comment       0x0000006e       0x6f ..\obj\arm_mat_scale_f32.o
 .comment       0x0000006e       0x6f ..\obj\stm32f4xx_i2c.o
 .comment       0x0000006e       0x6f ..\obj\Kalman.o
 .comment       0x0000006e       0x6f ..\obj\arm_mat_mult_f32.o
 .comment       0x0000006e       0x6f ..\obj\usart.o

.ARM.attributes
                0x00000000       0x39
 .ARM.attributes
                0x00000000       0x39 ..\obj\arm_mat_inverse_f32.o
 .ARM.attributes
                0x00000039       0x39 ..\obj\arm_mat_add_f32.o
 .ARM.attributes
                0x00000072       0x39 ..\obj\i2c.o
 .ARM.attributes
                0x000000ab       0x39 ..\obj\NewtonGauss.o
 .ARM.attributes
                0x000000e4       0x39 ..\obj\mpu9250.o
 .ARM.attributes
                0x0000011d       0x39 ..\obj\stm32f4xx_usart.o
 .ARM.attributes
                0x00000156       0x39 ..\obj\startup_stm32f4xx.o
 .ARM.attributes
                0x0000018f       0x39 ..\obj\arm_mat_init_f32.o
 .ARM.attributes
                0x000001c8       0x39 ..\obj\main.o
 .ARM.attributes
                0x00000201       0x39 ..\obj\stm32f4xx_rcc.o
 .ARM.attributes
                0x0000023a       0x39 ..\obj\stm32f4xx_gpio.o
 .ARM.attributes
                0x00000273       0x39 ..\obj\system_stm32f4xx.o
 .ARM.attributes
                0x000002ac       0x39 ..\obj\arm_mat_sub_f32.o
 .ARM.attributes
                0x000002e5       0x39 ..\obj\arm_mat_trans_f32.o
 .ARM.attributes
                0x0000031e       0x39 ..\obj\arm_mat_scale_f32.o
 .ARM.attributes
                0x00000357       0x39 ..\obj\stm32f4xx_i2c.o
 .ARM.attributes
                0x00000390       0x39 ..\obj\Kalman.o
 .ARM.attributes
                0x000003c9       0x39 ..\obj\arm_mat_mult_f32.o
 .ARM.attributes
                0x00000402       0x39 ..\obj\usart.o
 .ARM.attributes
                0x0000043b       0x34 c:/program files (x86)/gnu tools arm embedded/5.3 2016q1/bin/../lib/gcc/arm-none-eabi/5.3.1/../../../../arm-none-eabi/lib/armv7e-m/fpu\libm.a(lib_a-w_atan2.o)
 .ARM.attributes
                0x0000046f       0x34 c:/program files (x86)/gnu tools arm embedded/5.3 2016q1/bin/../lib/gcc/arm-none-eabi/5.3.1/../../../../arm-none-eabi/lib/armv7e-m/fpu\libm.a(lib_a-wf_sqrt.o)
 .ARM.attributes
                0x000004a3       0x34 c:/program files (x86)/gnu tools arm embedded/5.3 2016q1/bin/../lib/gcc/arm-none-eabi/5.3.1/../../../../arm-none-eabi/lib/armv7e-m/fpu\libm.a(lib_a-e_atan2.o)
 .ARM.attributes
                0x000004d7       0x34 c:/program files (x86)/gnu tools arm embedded/5.3 2016q1/bin/../lib/gcc/arm-none-eabi/5.3.1/../../../../arm-none-eabi/lib/armv7e-m/fpu\libm.a(lib_a-ef_sqrt.o)
 .ARM.attributes
                0x0000050b       0x34 c:/program files (x86)/gnu tools arm embedded/5.3 2016q1/bin/../lib/gcc/arm-none-eabi/5.3.1/../../../../arm-none-eabi/lib/armv7e-m/fpu\libm.a(lib_a-s_atan.o)
 .ARM.attributes
                0x0000053f       0x34 c:/program files (x86)/gnu tools arm embedded/5.3 2016q1/bin/../lib/gcc/arm-none-eabi/5.3.1/../../../../arm-none-eabi/lib/armv7e-m/fpu\libm.a(lib_a-s_fabs.o)
 .ARM.attributes
                0x00000573       0x34 c:/program files (x86)/gnu tools arm embedded/5.3 2016q1/bin/../lib/gcc/arm-none-eabi/5.3.1/../../../../arm-none-eabi/lib/armv7e-m/fpu\libm.a(lib_a-s_lib_ver.o)
 .ARM.attributes
                0x000005a7       0x34 c:/program files (x86)/gnu tools arm embedded/5.3 2016q1/bin/../lib/gcc/arm-none-eabi/5.3.1/../../../../arm-none-eabi/lib/armv7e-m/fpu\libm.a(lib_a-s_matherr.o)
 .ARM.attributes
                0x000005db       0x22 c:/program files (x86)/gnu tools arm embedded/5.3 2016q1/bin/../lib/gcc/arm-none-eabi/5.3.1/armv7e-m/fpu\libgcc.a(_arm_addsubdf3.o)
 .ARM.attributes
                0x000005fd       0x22 c:/program files (x86)/gnu tools arm embedded/5.3 2016q1/bin/../lib/gcc/arm-none-eabi/5.3.1/armv7e-m/fpu\libgcc.a(_arm_muldivdf3.o)
 .ARM.attributes
                0x0000061f       0x22 c:/program files (x86)/gnu tools arm embedded/5.3 2016q1/bin/../lib/gcc/arm-none-eabi/5.3.1/armv7e-m/fpu\libgcc.a(_arm_cmpdf2.o)
 .ARM.attributes
                0x00000641       0x22 c:/program files (x86)/gnu tools arm embedded/5.3 2016q1/bin/../lib/gcc/arm-none-eabi/5.3.1/armv7e-m/fpu\libgcc.a(_arm_truncdfsf2.o)
 .ARM.attributes
                0x00000663       0x34 c:/program files (x86)/gnu tools arm embedded/5.3 2016q1/bin/../lib/gcc/arm-none-eabi/5.3.1/../../../../arm-none-eabi/lib/armv7e-m/fpu\libg.a(lib_a-errno.o)
 .ARM.attributes
                0x00000697       0x34 c:/program files (x86)/gnu tools arm embedded/5.3 2016q1/bin/../lib/gcc/arm-none-eabi/5.3.1/../../../../arm-none-eabi/lib/armv7e-m/fpu\libg.a(lib_a-impure.o)

.debug_frame    0x00000000     0x1e58
 .debug_frame   0x00000000       0x38 ..\obj\arm_mat_inverse_f32.o
 .debug_frame   0x00000038       0x38 ..\obj\arm_mat_add_f32.o
 .debug_frame   0x00000070      0x134 ..\obj\i2c.o
 .debug_frame   0x000001a4       0x80 ..\obj\NewtonGauss.o
 .debug_frame   0x00000224      0x328 ..\obj\mpu9250.o
 .debug_frame   0x0000054c      0x490 ..\obj\stm32f4xx_usart.o
 .debug_frame   0x000009dc       0x4c ..\obj\startup_stm32f4xx.o
 .debug_frame   0x00000a28       0x38 ..\obj\arm_mat_init_f32.o
 .debug_frame   0x00000a60      0x13c ..\obj\main.o
 .debug_frame   0x00000b9c      0x6d4 ..\obj\stm32f4xx_rcc.o
 .debug_frame   0x00001270      0x23c ..\obj\stm32f4xx_gpio.o
 .debug_frame   0x000014ac       0x7c ..\obj\system_stm32f4xx.o
 .debug_frame   0x00001528       0x38 ..\obj\arm_mat_sub_f32.o
 .debug_frame   0x00001560       0x38 ..\obj\arm_mat_trans_f32.o
 .debug_frame   0x00001598       0x38 ..\obj\arm_mat_scale_f32.o
 .debug_frame   0x000015d0      0x530 ..\obj\stm32f4xx_i2c.o
 .debug_frame   0x00001b00       0xb0 ..\obj\Kalman.o
 .debug_frame   0x00001bb0       0x38 ..\obj\arm_mat_mult_f32.o
 .debug_frame   0x00001be8       0xe8 ..\obj\usart.o
 .debug_frame   0x00001cd0       0x20 c:/program files (x86)/gnu tools arm embedded/5.3 2016q1/bin/../lib/gcc/arm-none-eabi/5.3.1/../../../../arm-none-eabi/lib/armv7e-m/fpu\libm.a(lib_a-w_atan2.o)
 .debug_frame   0x00001cf0       0x50 c:/program files (x86)/gnu tools arm embedded/5.3 2016q1/bin/../lib/gcc/arm-none-eabi/5.3.1/../../../../arm-none-eabi/lib/armv7e-m/fpu\libm.a(lib_a-wf_sqrt.o)
 .debug_frame   0x00001d40       0x44 c:/program files (x86)/gnu tools arm embedded/5.3 2016q1/bin/../lib/gcc/arm-none-eabi/5.3.1/../../../../arm-none-eabi/lib/armv7e-m/fpu\libm.a(lib_a-e_atan2.o)
 .debug_frame   0x00001d84       0x3c c:/program files (x86)/gnu tools arm embedded/5.3 2016q1/bin/../lib/gcc/arm-none-eabi/5.3.1/../../../../arm-none-eabi/lib/armv7e-m/fpu\libm.a(lib_a-ef_sqrt.o)
 .debug_frame   0x00001dc0       0x38 c:/program files (x86)/gnu tools arm embedded/5.3 2016q1/bin/../lib/gcc/arm-none-eabi/5.3.1/../../../../arm-none-eabi/lib/armv7e-m/fpu\libm.a(lib_a-s_atan.o)
 .debug_frame   0x00001df8       0x20 c:/program files (x86)/gnu tools arm embedded/5.3 2016q1/bin/../lib/gcc/arm-none-eabi/5.3.1/../../../../arm-none-eabi/lib/armv7e-m/fpu\libm.a(lib_a-s_fabs.o)
 .debug_frame   0x00001e18       0x20 c:/program files (x86)/gnu tools arm embedded/5.3 2016q1/bin/../lib/gcc/arm-none-eabi/5.3.1/../../../../arm-none-eabi/lib/armv7e-m/fpu\libm.a(lib_a-s_matherr.o)
 .debug_frame   0x00001e38       0x20 c:/program files (x86)/gnu tools arm embedded/5.3 2016q1/bin/../lib/gcc/arm-none-eabi/5.3.1/../../../../arm-none-eabi/lib/armv7e-m/fpu\libg.a(lib_a-errno.o)
